Archive member included to satisfy reference by file (symbol)

/opt/st/stm32cubeide_1.14.0/plugins/com.st.stm32cube.ide.mcu.externaltools.gnu-tools-for-stm32.11.3.rel1.linux64_1.1.100.202309141235/tools/bin/../lib/gcc/arm-none-eabi/11.3.1/../../../../arm-none-eabi/lib/thumb/v7e-m+fp/hard/libstdc++_nano.a(eh_alloc.o)
                              ./App/circular_buffer.class.o (__cxa_allocate_exception)
/opt/st/stm32cubeide_1.14.0/plugins/com.st.stm32cube.ide.mcu.externaltools.gnu-tools-for-stm32.11.3.rel1.linux64_1.1.100.202309141235/tools/bin/../lib/gcc/arm-none-eabi/11.3.1/../../../../arm-none-eabi/lib/thumb/v7e-m+fp/hard/libstdc++_nano.a(eh_terminate.o)
                              /opt/st/stm32cubeide_1.14.0/plugins/com.st.stm32cube.ide.mcu.externaltools.gnu-tools-for-stm32.11.3.rel1.linux64_1.1.100.202309141235/tools/bin/../lib/gcc/arm-none-eabi/11.3.1/../../../../arm-none-eabi/lib/thumb/v7e-m+fp/hard/libstdc++_nano.a(eh_alloc.o) (std::terminate())
/opt/st/stm32cubeide_1.14.0/plugins/com.st.stm32cube.ide.mcu.externaltools.gnu-tools-for-stm32.11.3.rel1.linux64_1.1.100.202309141235/tools/bin/../lib/gcc/arm-none-eabi/11.3.1/../../../../arm-none-eabi/lib/thumb/v7e-m+fp/hard/libstdc++_nano.a(eh_throw.o)
                              ./App/circular_buffer.class.o (__cxa_throw)
/opt/st/stm32cubeide_1.14.0/plugins/com.st.stm32cube.ide.mcu.externaltools.gnu-tools-for-stm32.11.3.rel1.linux64_1.1.100.202309141235/tools/bin/../lib/gcc/arm-none-eabi/11.3.1/../../../../arm-none-eabi/lib/thumb/v7e-m+fp/hard/libstdc++_nano.a(eh_unex_handler.o)
                              /opt/st/stm32cubeide_1.14.0/plugins/com.st.stm32cube.ide.mcu.externaltools.gnu-tools-for-stm32.11.3.rel1.linux64_1.1.100.202309141235/tools/bin/../lib/gcc/arm-none-eabi/11.3.1/../../../../arm-none-eabi/lib/thumb/v7e-m+fp/hard/libstdc++_nano.a(eh_terminate.o) (__cxxabiv1::__unexpected_handler)
/opt/st/stm32cubeide_1.14.0/plugins/com.st.stm32cube.ide.mcu.externaltools.gnu-tools-for-stm32.11.3.rel1.linux64_1.1.100.202309141235/tools/bin/../lib/gcc/arm-none-eabi/11.3.1/../../../../arm-none-eabi/lib/thumb/v7e-m+fp/hard/libstdc++_nano.a(fundamental_type_info.o)
                              ./App/circular_buffer.class.o (typeinfo for char const*)
/opt/st/stm32cubeide_1.14.0/plugins/com.st.stm32cube.ide.mcu.externaltools.gnu-tools-for-stm32.11.3.rel1.linux64_1.1.100.202309141235/tools/bin/../lib/gcc/arm-none-eabi/11.3.1/../../../../arm-none-eabi/lib/thumb/v7e-m+fp/hard/libstdc++_nano.a(pointer_type_info.o)
                              /opt/st/stm32cubeide_1.14.0/plugins/com.st.stm32cube.ide.mcu.externaltools.gnu-tools-for-stm32.11.3.rel1.linux64_1.1.100.202309141235/tools/bin/../lib/gcc/arm-none-eabi/11.3.1/../../../../arm-none-eabi/lib/thumb/v7e-m+fp/hard/libstdc++_nano.a(fundamental_type_info.o) (vtable for __cxxabiv1::__pointer_type_info)
/opt/st/stm32cubeide_1.14.0/plugins/com.st.stm32cube.ide.mcu.externaltools.gnu-tools-for-stm32.11.3.rel1.linux64_1.1.100.202309141235/tools/bin/../lib/gcc/arm-none-eabi/11.3.1/../../../../arm-none-eabi/lib/thumb/v7e-m+fp/hard/libstdc++_nano.a(si_class_type_info.o)
                              /opt/st/stm32cubeide_1.14.0/plugins/com.st.stm32cube.ide.mcu.externaltools.gnu-tools-for-stm32.11.3.rel1.linux64_1.1.100.202309141235/tools/bin/../lib/gcc/arm-none-eabi/11.3.1/../../../../arm-none-eabi/lib/thumb/v7e-m+fp/hard/libstdc++_nano.a(fundamental_type_info.o) (vtable for __cxxabiv1::__si_class_type_info)
/opt/st/stm32cubeide_1.14.0/plugins/com.st.stm32cube.ide.mcu.externaltools.gnu-tools-for-stm32.11.3.rel1.linux64_1.1.100.202309141235/tools/bin/../lib/gcc/arm-none-eabi/11.3.1/../../../../arm-none-eabi/lib/thumb/v7e-m+fp/hard/libstdc++_nano.a(tinfo.o)
                              /opt/st/stm32cubeide_1.14.0/plugins/com.st.stm32cube.ide.mcu.externaltools.gnu-tools-for-stm32.11.3.rel1.linux64_1.1.100.202309141235/tools/bin/../lib/gcc/arm-none-eabi/11.3.1/../../../../arm-none-eabi/lib/thumb/v7e-m+fp/hard/libstdc++_nano.a(fundamental_type_info.o) (std::type_info::~type_info())
/opt/st/stm32cubeide_1.14.0/plugins/com.st.stm32cube.ide.mcu.externaltools.gnu-tools-for-stm32.11.3.rel1.linux64_1.1.100.202309141235/tools/bin/../lib/gcc/arm-none-eabi/11.3.1/../../../../arm-none-eabi/lib/thumb/v7e-m+fp/hard/libstdc++_nano.a(class_type_info.o)
                              /opt/st/stm32cubeide_1.14.0/plugins/com.st.stm32cube.ide.mcu.externaltools.gnu-tools-for-stm32.11.3.rel1.linux64_1.1.100.202309141235/tools/bin/../lib/gcc/arm-none-eabi/11.3.1/../../../../arm-none-eabi/lib/thumb/v7e-m+fp/hard/libstdc++_nano.a(si_class_type_info.o) (__cxxabiv1::__class_type_info::__do_upcast(__cxxabiv1::__class_type_info const*, void**) const)
/opt/st/stm32cubeide_1.14.0/plugins/com.st.stm32cube.ide.mcu.externaltools.gnu-tools-for-stm32.11.3.rel1.linux64_1.1.100.202309141235/tools/bin/../lib/gcc/arm-none-eabi/11.3.1/../../../../arm-none-eabi/lib/thumb/v7e-m+fp/hard/libstdc++_nano.a(del_ops.o)
[...]
Memory Configuration

Name             Origin             Length             Attributes
CCMRAM           0x0000000010000000 0x0000000000010000 xrw
RAM              0x0000000020000000 0x0000000000020000 xrw
FLASH            0x0000000008000000 0x0000000000080000 xr
*default*        0x0000000000000000 0xffffffffffffffff

Linker script and memory map

LOAD /opt/st/stm32cubeide_1.14.0/plugins/com.st.stm32cube.ide.mcu.externaltools.gnu-tools-for-stm32.11.3.rel1.linux64_1.1.100.202309141235/tools/bin/../lib/gcc/arm-none-eabi/11.3.1/thumb/v7e-m+fp/hard/crti.o
LOAD /opt/st/stm32cubeide_1.14.0/plugins/com.st.stm32cube.ide.mcu.externaltools.gnu-tools-for-stm32.11.3.rel1.linux64_1.1.100.202309141235/tools/bin/../lib/gcc/arm-none-eabi/11.3.1/thumb/v7e-m+fp/hard/crtbegin.o
LOAD /opt/st/stm32cubeide_1.14.0/plugins/com.st.stm32cube.ide.mcu.externaltools.gnu-tools-for-stm32.11.3.rel1.linux64_1.1.100.202309141235/tools/bin/../lib/gcc/arm-none-eabi/11.3.1/../../../../arm-none-eabi/lib/thumb/v7e-m+fp/hard/crt0.o
LOAD ./App/OV7670.o
LOAD ./App/app.o
LOAD ./App/circular_buffer.class.o
LOAD ./Core/Src/main.o
LOAD ./Core/Src/stm32f4xx_hal_msp.o
LOAD ./Core/Src/stm32f4xx_it.o
LOAD ./Core/Src/syscalls.o
LOAD ./Core/Src/sysmem.o
LOAD ./Core/Src/system_stm32f4xx.o
LOAD ./Core/Startup/startup_stm32f407vetx.o
LOAD ./Drivers/STM32F4xx_HAL_Driver/Src/stm32f4xx_hal.o
LOAD ./Drivers/STM32F4xx_HAL_Driver/Src/stm32f4xx_hal_cortex.o
LOAD ./Drivers/STM32F4xx_HAL_Driver/Src/stm32f4xx_hal_dcmi.o
LOAD ./Drivers/STM32F4xx_HAL_Driver/Src/stm32f4xx_hal_dcmi_ex.o
LOAD ./Drivers/STM32F4xx_HAL_Driver/Src/stm32f4xx_hal_dma.o
LOAD ./Drivers/STM32F4xx_HAL_Driver/Src/stm32f4xx_hal_dma_ex.o
LOAD ./Drivers/STM32F4xx_HAL_Driver/Src/stm32f4xx_hal_exti.o
LOAD ./Drivers/STM32F4xx_HAL_Driver/Src/stm32f4xx_hal_flash.o
LOAD ./Drivers/STM32F4xx_HAL_Driver/Src/stm32f4xx_hal_flash_ex.o
LOAD ./Drivers/STM32F4xx_HAL_Driver/Src/stm32f4xx_hal_flash_ramfunc.o
LOAD ./Drivers/STM32F4xx_HAL_Driver/Src/stm32f4xx_hal_gpio.o
LOAD ./Drivers/STM32F4xx_HAL_Driver/Src/stm32f4xx_hal_i2c.o
LOAD ./Drivers/STM32F4xx_HAL_Driver/Src/stm32f4xx_hal_i2c_ex.o
LOAD ./Drivers/STM32F4xx_HAL_Driver/Src/stm32f4xx_hal_pwr.o
LOAD ./Drivers/STM32F4xx_HAL_Driver/Src/stm32f4xx_hal_pwr_ex.o
LOAD ./Drivers/STM32F4xx_HAL_Driver/Src/stm32f4xx_hal_rcc.o
LOAD ./Drivers/STM32F4xx_HAL_Driver/Src/stm32f4xx_hal_rcc_ex.o
LOAD ./Drivers/STM32F4xx_HAL_Driver/Src/stm32f4xx_hal_tim.o
LOAD ./Drivers/STM32F4xx_HAL_Driver/Src/stm32f4xx_hal_tim_ex.o
LOAD ./Drivers/STM32F4xx_HAL_Driver/Src/stm32f4xx_hal_uart.o
START GROUP
LOAD /opt/st/stm32cubeide_1.14.0/plugins/com.st.stm32cube.ide.mcu.externaltools.gnu-tools-for-stm32.11.3.rel1.linux64_1.1.100.202309141235/tools/bin/../lib/gcc/arm-none-eabi/11.3.1/../../../../arm-none-eabi/lib/thumb/v7e-m+fp/hard/libstdc++_nano.a
LOAD /opt/st/stm32cubeide_1.14.0/plugins/com.st.stm32cube.ide.mcu.externaltools.gnu-tools-for-stm32.11.3.rel1.linux64_1.1.100.202309141235/tools/bin/../lib/gcc/arm-none-eabi/11.3.1/../../../../arm-none-eabi/lib/thumb/v7e-m+fp/hard/libsupc++_nano.a
END GROUP
LOAD /opt/st/stm32cubeide_1.14.0/plugins/com.st.stm32cube.ide.mcu.externaltools.gnu-tools-for-stm32.11.3.rel1.linux64_1.1.100.202309141235/tools/bin/../lib/gcc/arm-none-eabi/11.3.1/../../../../arm-none-eabi/lib/thumb/v7e-m+fp/hard/libstdc++_nano.a
LOAD /opt/st/stm32cubeide_1.14.0/plugins/com.st.stm32cube.ide.mcu.externaltools.gnu-tools-for-stm32.11.3.rel1.linux64_1.1.100.202309141235/tools/bin/../lib/gcc/arm-none-eabi/11.3.1/../../../../arm-none-eabi/lib/thumb/v7e-m+fp/hard/libm.a
LOAD /opt/st/stm32cubeide_1.14.0/plugins/com.st.stm32cube.ide.mcu.externaltools.gnu-tools-for-stm32.11.3.rel1.linux64_1.1.100.202309141235/tools/bin/../lib/gcc/arm-none-eabi/11.3.1/../../../../arm-none-eabi/lib/thumb/v7e-m+fp/hard/libc_nano.a
START GROUP
LOAD /opt/st/stm32cubeide_1.14.0/plugins/com.st.stm32cube.ide.mcu.externaltools.gnu-tools-for-stm32.11.3.rel1.linux64_1.1.100.202309141235/tools/bin/../lib/gcc/arm-none-eabi/11.3.1/thumb/v7e-m+fp/hard/libgcc.a
LOAD /opt/st/stm32cubeide_1.14.0/plugins/com.st.stm32cube.ide.mcu.externaltools.gnu-tools-for-stm32.11.3.rel1.linux64_1.1.100.202309141235/tools/bin/../lib/gcc/arm-none-eabi/11.3.1/../../../../arm-none-eabi/lib/thumb/v7e-m+fp/hard/libc_nano.a
END GROUP
START GROUP
LOAD /opt/st/stm32cubeide_1.14.0/plugins/com.st.stm32cube.ide.mcu.externaltools.gnu-tools-for-stm32.11.3.rel1.linux64_1.1.100.202309141235/tools/bin/../lib/gcc/arm-none-eabi/11.3.1/thumb/v7e-m+fp/hard/libgcc.a
LOAD /opt/st/stm32cubeide_1.14.0/plugins/com.st.stm32cube.ide.mcu.externaltools.gnu-tools-for-stm32.11.3.rel1.linux64_1.1.100.202309141235/tools/bin/../lib/gcc/arm-none-eabi/11.3.1/../../../../arm-none-eabi/lib/thumb/v7e-m+fp/hard/libc_nano.a
LOAD /opt/st/stm32cubeide_1.14.0/plugins/com.st.stm32cube.ide.mcu.externaltools.gnu-tools-for-stm32.11.3.rel1.linux64_1.1.100.202309141235/tools/bin/../lib/gcc/arm-none-eabi/11.3.1/../../../../arm-none-eabi/lib/thumb/v7e-m+fp/hard/libnosys.a
END GROUP
START GROUP
LOAD /opt/st/stm32cubeide_1.14.0/plugins/com.st.stm32cube.ide.mcu.externaltools.gnu-tools-for-stm32.11.3.rel1.linux64_1.1.100.202309141235/tools/bin/../lib/gcc/arm-none-eabi/11.3.1/thumb/v7e-m+fp/hard/libgcc.a
LOAD /opt/st/stm32cubeide_1.14.0/plugins/com.st.stm32cube.ide.mcu.externaltools.gnu-tools-for-stm32.11.3.rel1.linux64_1.1.100.202309141235/tools/bin/../lib/gcc/arm-none-eabi/11.3.1/../../../../arm-none-eabi/lib/thumb/v7e-m+fp/hard/libc_nano.a
LOAD /opt/st/stm32cubeide_1.14.0/plugins/com.st.stm32cube.ide.mcu.externaltools.gnu-tools-for-stm32.11.3.rel1.linux64_1.1.100.202309141235/tools/bin/../lib/gcc/arm-none-eabi/11.3.1/../../../../arm-none-eabi/lib/thumb/v7e-m+fp/hard/libnosys.a
END GROUP
LOAD /opt/st/stm32cubeide_1.14.0/plugins/com.st.stm32cube.ide.mcu.externaltools.gnu-tools-for-stm32.11.3.rel1.linux64_1.1.100.202309141235/tools/bin/../lib/gcc/arm-none-eabi/11.3.1/thumb/v7e-m+fp/hard/crtend.o
LOAD /opt/st/stm32cubeide_1.14.0/plugins/com.st.stm32cube.ide.mcu.externaltools.gnu-tools-for-stm32.11.3.rel1.linux64_1.1.100.202309141235/tools/bin/../lib/gcc/arm-none-eabi/11.3.1/thumb/v7e-m+fp/hard/crtn.o
                0x0000000020020000                _estack = (ORIGIN (RAM) + LENGTH (RAM))
                0x0000000000000200                _Min_Heap_Size = 0x200
                0x0000000000000400                _Min_Stack_Size = 0x400

.isr_vector     0x0000000008000000      0x188
                0x0000000008000000                . = ALIGN (0x4)
 *(.isr_vector)
 .isr_vector    0x0000000008000000      0x188 ./Core/Startup/startup_stm32f407vetx.o
                0x0000000008000000                g_pfnVectors
                0x0000000008000188                . = ALIGN (0x4)

.text           0x0000000008000188     0x65f8
                0x0000000008000188                . = ALIGN (0x4)
 *(.text)
 .text          0x0000000008000188       0x40 /opt/st/stm32cubeide_1.14.0/plugins/com.st.stm32cube.ide.mcu.externaltools.gnu-tools-for-stm32.11.3.rel1.linux64_1.1.100.202309141235/tools/bin/../lib/gcc/arm-none-eabi/11.3.1/thumb/v7e-m+fp/hard/crtbegin.o
 .text          0x00000000080001c8       0x30 /opt/st/stm32cubeide_1.14.0/plugins/com.st.stm32cube.ide.mcu.externaltools.gnu-tools-for-stm32.11.3.rel1.linux64_1.1.100.202309141235/tools/bin/../lib/gcc/arm-none-eabi/11.3.1/thumb/v7e-m+fp/hard/libgcc.a(_aeabi_uldivmod.o)
                0x00000000080001c8                __aeabi_uldivmod
 .text          0x00000000080001f8      0x2c8 /opt/st/stm32cubeide_1.14.0/plugins/com.st.stm32cube.ide.mcu.externaltools.gnu-tools-for-stm32.11.3.rel1.linux64_1.1.100.202309141235/tools/bin/../lib/gcc/arm-none-eabi/11.3.1/thumb/v7e-m+fp/hard/libgcc.a(_udivmoddi4.o)
                0x00000000080001f8                __udivmoddi4
 .text          0x00000000080004c0        0x4 /opt/st/stm32cubeide_1.14.0/plugins/com.st.stm32cube.ide.mcu.externaltools.gnu-tools-for-stm32.11.3.rel1.linux64_1.1.100.202309141235/tools/bin/../lib/gcc/arm-none-eabi/11.3.1/thumb/v7e-m+fp/hard/libgcc.a(_dvmd_tls.o)
                0x00000000080004c0                __aeabi_ldiv0
                0x00000000080004c0                __aeabi_idiv0
 *(.text*)
 .text.checkHalStatus
                0x00000000080004c4       0x20 ./App/OV7670.o
                0x00000000080004c4                checkHalStatus
 .text.OV7670_Init
                0x00000000080004e4       0x38 ./App/OV7670.o
                0x00000000080004e4                OV7670_Init
 .text.OV7670_Power
                0x000000000800051c       0x3c ./App/OV7670.o
                0x000000000800051c                OV7670_Power
 .text.OV7670_ResetHW
                0x0000000008000558       0x30 ./App/OV7670.o
                0x0000000008000558                OV7670_ResetHW
 .text.OV7670_XCLK
                0x0000000008000588       0x16 ./App/OV7670.o
                0x0000000008000588                OV7670_XCLK
 *fill*         0x000000000800059e        0x2 
 .text.OV7670_WriteSCCB
                0x00000000080005a0       0x48 ./App/OV7670.o
                0x00000000080005a0                OV7670_WriteSCCB
 .text.OV7670_ReadSCCB
                0x00000000080005e8       0x58 ./App/OV7670.o
                0x00000000080005e8                OV7670_ReadSCCB
 .text.OV7670_Start
                0x0000000008000640       0xa0 ./App/OV7670.o
                0x0000000008000640                OV7670_Start
 .text.OV7670_ResetSW
                0x00000000080006e0       0x28 ./App/OV7670.o
                0x00000000080006e0                OV7670_ResetSW
 .text.OV7670_Config
                0x0000000008000708       0x4c ./App/OV7670.o
                0x0000000008000708                OV7670_Config
 .text.OV7670_SetBrightness
                0x0000000008000754       0x30 ./App/OV7670.o
                0x0000000008000754                OV7670_SetBrightness
 .text.OV7670_SetContrast
                0x0000000008000784       0x1c ./App/OV7670.o
                0x0000000008000784                OV7670_SetContrast
 .text.OV7670_SetSaturation
                0x00000000080007a0       0xbc ./App/OV7670.o
                0x00000000080007a0                OV7670_SetSaturation
 .text.OV7670_SetResolution
                0x000000000800085c      0x15c ./App/OV7670.o
                0x000000000800085c                OV7670_SetResolution
 .text.OV7670_SetColorFormat
                0x00000000080009b8       0x9c ./App/OV7670.o
                0x00000000080009b8                OV7670_SetColorFormat
 .text.OV7670_AutoExposureMode
                0x0000000008000a54       0x4a ./App/OV7670.o
                0x0000000008000a54                OV7670_AutoExposureMode
 .text.OV7670_SetAECAlgorithm
                0x0000000008000a9e       0x4a ./App/OV7670.o
                0x0000000008000a9e                OV7670_SetAECAlgorithm
 .text.OV7670_SetExposureTime
                0x0000000008000ae8       0x4a ./App/OV7670.o
                0x0000000008000ae8                OV7670_SetExposureTime
 .text.OV7670_SetGainCeiling
                0x0000000008000b32       0x44 ./App/OV7670.o
                0x0000000008000b32                OV7670_SetGainCeiling
 .text.OV7670_AutoGainMode
                0x0000000008000b76       0x4a ./App/OV7670.o
                0x0000000008000b76                OV7670_AutoGainMode
 .text.OV7670_SetGain
                0x0000000008000bc0      0x10c ./App/OV7670.o
                0x0000000008000bc0                OV7670_SetGain
 .text.OV7670_AutoWhiteBalanceMode
                0x0000000008000ccc       0x4a ./App/OV7670.o
                0x0000000008000ccc                OV7670_AutoWhiteBalanceMode
 .text.OV7670_SetChannelsGain
                0x0000000008000d16       0x38 ./App/OV7670.o
                0x0000000008000d16                OV7670_SetChannelsGain
 .text.OV7670_ShowColorBar
                0x0000000008000d4e       0x4a ./App/OV7670.o
                0x0000000008000d4e                OV7670_ShowColorBar
 .text.OV7670_FlipHorizontal
                0x0000000008000d98       0x4a ./App/OV7670.o
                0x0000000008000d98                OV7670_FlipHorizontal
 .text.OV7670_FlipVertical
                0x0000000008000de2       0x4a ./App/OV7670.o
                0x0000000008000de2                OV7670_FlipVertical
 .text.OV7670_NightMode
                0x0000000008000e2c       0x62 ./App/OV7670.o
                0x0000000008000e2c                OV7670_NightMode
 .text.OV7670_AutoSharpness
                0x0000000008000e8e       0x4a ./App/OV7670.o
                0x0000000008000e8e                OV7670_AutoSharpness
 .text.OV7670_SetSharpness
                0x0000000008000ed8       0x3c ./App/OV7670.o
                0x0000000008000ed8                OV7670_SetSharpness
 .text.OV7670_AutoDeNoise
                0x0000000008000f14       0x4a ./App/OV7670.o
                0x0000000008000f14                OV7670_AutoDeNoise
 .text.OV7670_SetDeNoiseStrength
                0x0000000008000f5e       0x1c ./App/OV7670.o
                0x0000000008000f5e                OV7670_SetDeNoiseStrength
 .text.OV7670_BandingFilter
                0x0000000008000f7a       0xc0 ./App/OV7670.o
                0x0000000008000f7a                OV7670_BandingFilter
 *fill*         0x000000000800103a        0x2 
 .text.OV7670_SpecialEffect
                0x000000000800103c      0x14c ./App/OV7670.o
                0x000000000800103c                OV7670_SpecialEffect
 .text.OV7670_SetFrameRate
                0x0000000008001188       0x44 ./App/OV7670.o
                0x0000000008001188                OV7670_SetFrameRate
 .text.OV7670_PowerUp
                0x00000000080011cc       0x1c ./App/OV7670.o
                0x00000000080011cc                OV7670_PowerUp
 .text.OV7670_UpdateSettings
                0x00000000080011e8      0x110 ./App/OV7670.o
                0x00000000080011e8                OV7670_UpdateSettings
 .text.OV7670_SetFrameControl
                0x00000000080012f8       0xae ./App/OV7670.o
                0x00000000080012f8                OV7670_SetFrameControl
 *fill*         0x00000000080013a6        0x2 
 .text.OV7670_getImageInfo
                0x00000000080013a8       0x3c ./App/OV7670.o
                0x00000000080013a8                OV7670_getImageInfo
 .text.HAL_DCMI_FrameEventCallback
                0x00000000080013e4       0x60 ./App/OV7670.o
                0x00000000080013e4                HAL_DCMI_FrameEventCallback
 .text.main     0x0000000008001444      0x194 ./Core/Src/main.o
                0x0000000008001444                main
 .text.SystemClock_Config
                0x00000000080015d8       0xe4 ./Core/Src/main.o
                0x00000000080015d8                SystemClock_Config
 .text.MX_DCMI_Init
                0x00000000080016bc       0x50 ./Core/Src/main.o
 .text.MX_I2C1_Init
                0x000000000800170c       0x5c ./Core/Src/main.o
 .text.MX_USART2_UART_Init
                0x0000000008001768       0x54 ./Core/Src/main.o
 .text.MX_DMA_Init
                0x00000000080017bc       0x40 ./Core/Src/main.o
 .text.MX_GPIO_Init
                0x00000000080017fc      0x104 ./Core/Src/main.o
 .text.Error_Handler
                0x0000000008001900        0xa ./Core/Src/main.o
                0x0000000008001900                Error_Handler
 *fill*         0x000000000800190a        0x2 
 .text.HAL_MspInit
                0x000000000800190c       0x50 ./Core/Src/stm32f4xx_hal_msp.o
                0x000000000800190c                HAL_MspInit
 .text.HAL_DCMI_MspInit
                0x000000000800195c      0x1cc ./Core/Src/stm32f4xx_hal_msp.o
                0x000000000800195c                HAL_DCMI_MspInit
 .text.HAL_I2C_MspInit
                0x0000000008001b28       0x90 ./Core/Src/stm32f4xx_hal_msp.o
                0x0000000008001b28                HAL_I2C_MspInit
 .text.HAL_UART_MspInit
                0x0000000008001bb8       0x90 ./Core/Src/stm32f4xx_hal_msp.o
                0x0000000008001bb8                HAL_UART_MspInit
 .text.NMI_Handler
                0x0000000008001c48        0x6 ./Core/Src/stm32f4xx_it.o
                0x0000000008001c48                NMI_Handler
 .text.HardFault_Handler
                0x0000000008001c4e        0x6 ./Core/Src/stm32f4xx_it.o
                0x0000000008001c4e                HardFault_Handler
 .text.MemManage_Handler
                0x0000000008001c54        0x6 ./Core/Src/stm32f4xx_it.o
                0x0000000008001c54                MemManage_Handler
 .text.BusFault_Handler
                0x0000000008001c5a        0x6 ./Core/Src/stm32f4xx_it.o
                0x0000000008001c5a                BusFault_Handler
 .text.UsageFault_Handler
                0x0000000008001c60        0x6 ./Core/Src/stm32f4xx_it.o
                0x0000000008001c60                UsageFault_Handler
 .text.SVC_Handler
                0x0000000008001c66        0xe ./Core/Src/stm32f4xx_it.o
                0x0000000008001c66                SVC_Handler
 .text.DebugMon_Handler
                0x0000000008001c74        0xe ./Core/Src/stm32f4xx_it.o
                0x0000000008001c74                DebugMon_Handler
 .text.PendSV_Handler
                0x0000000008001c82        0xe ./Core/Src/stm32f4xx_it.o
                0x0000000008001c82                PendSV_Handler
 .text.SysTick_Handler
                0x0000000008001c90        0xc ./Core/Src/stm32f4xx_it.o
                0x0000000008001c90                SysTick_Handler
 .text.DMA2_Stream1_IRQHandler
                0x0000000008001c9c       0x14 ./Core/Src/stm32f4xx_it.o
                0x0000000008001c9c                DMA2_Stream1_IRQHandler
 .text.DCMI_IRQHandler
                0x0000000008001cb0       0x14 ./Core/Src/stm32f4xx_it.o
                0x0000000008001cb0                DCMI_IRQHandler
 .text._sbrk    0x0000000008001cc4       0x6c ./Core/Src/sysmem.o
                0x0000000008001cc4                _sbrk
 .text.SystemInit
                0x0000000008001d30       0x24 ./Core/Src/system_stm32f4xx.o
                0x0000000008001d30                SystemInit
 .text.Reset_Handler
                0x0000000008001d54       0x50 ./Core/Startup/startup_stm32f407vetx.o
                0x0000000008001d54                Reset_Handler
 .text.Default_Handler
                0x0000000008001da4        0x2 ./Core/Startup/startup_stm32f407vetx.o
                0x0000000008001da4                RTC_Alarm_IRQHandler
                0x0000000008001da4                HASH_RNG_IRQHandler
                0x0000000008001da4                EXTI2_IRQHandler
                0x0000000008001da4                TIM8_CC_IRQHandler
                0x0000000008001da4                TIM1_CC_IRQHandler
                0x0000000008001da4                DMA2_Stream5_IRQHandler
                0x0000000008001da4                DMA1_Stream5_IRQHandler
                0x0000000008001da4                PVD_IRQHandler
                0x0000000008001da4                SDIO_IRQHandler
                0x0000000008001da4                TAMP_STAMP_IRQHandler
                0x0000000008001da4                CAN2_RX1_IRQHandler
                0x0000000008001da4                EXTI3_IRQHandler
                0x0000000008001da4                TIM8_TRG_COM_TIM14_IRQHandler
                0x0000000008001da4                TIM1_UP_TIM10_IRQHandler
                0x0000000008001da4                TIM8_UP_TIM13_IRQHandler
                0x0000000008001da4                I2C3_ER_IRQHandler
                0x0000000008001da4                EXTI0_IRQHandler
                0x0000000008001da4                I2C2_EV_IRQHandler
                0x0000000008001da4                DMA1_Stream2_IRQHandler
                0x0000000008001da4                CAN1_RX0_IRQHandler
                0x0000000008001da4                FPU_IRQHandler
                0x0000000008001da4                OTG_HS_WKUP_IRQHandler
                0x0000000008001da4                CAN2_SCE_IRQHandler
                0x0000000008001da4                DMA2_Stream2_IRQHandler
                0x0000000008001da4                SPI1_IRQHandler
                0x0000000008001da4                TIM6_DAC_IRQHandler
                0x0000000008001da4                TIM1_BRK_TIM9_IRQHandler
                0x0000000008001da4                CAN2_RX0_IRQHandler
                0x0000000008001da4                DMA2_Stream3_IRQHandler
                0x0000000008001da4                USART6_IRQHandler
                0x0000000008001da4                USART3_IRQHandler
                0x0000000008001da4                CAN1_RX1_IRQHandler
                0x0000000008001da4                UART5_IRQHandler
                0x0000000008001da4                DMA2_Stream0_IRQHandler
                0x0000000008001da4                TIM4_IRQHandler
                0x0000000008001da4                I2C1_EV_IRQHandler
                0x0000000008001da4                DMA1_Stream6_IRQHandler
                0x0000000008001da4                DMA1_Stream1_IRQHandler
                0x0000000008001da4                UART4_IRQHandler
                0x0000000008001da4                TIM3_IRQHandler
                0x0000000008001da4                RCC_IRQHandler
                0x0000000008001da4                TIM8_BRK_TIM12_IRQHandler
                0x0000000008001da4                Default_Handler
                0x0000000008001da4                EXTI15_10_IRQHandler
                0x0000000008001da4                ADC_IRQHandler
                0x0000000008001da4                DMA1_Stream7_IRQHandler
                0x0000000008001da4                TIM7_IRQHandler
                0x0000000008001da4                CAN2_TX_IRQHandler
                0x0000000008001da4                TIM5_IRQHandler
                0x0000000008001da4                DMA2_Stream7_IRQHandler
                0x0000000008001da4                I2C3_EV_IRQHandler
                0x0000000008001da4                EXTI9_5_IRQHandler
                0x0000000008001da4                RTC_WKUP_IRQHandler
                0x0000000008001da4                ETH_WKUP_IRQHandler
                0x0000000008001da4                SPI2_IRQHandler
                0x0000000008001da4                OTG_HS_EP1_IN_IRQHandler
                0x0000000008001da4                DMA1_Stream0_IRQHandler
                0x0000000008001da4                CAN1_TX_IRQHandler
                0x0000000008001da4                EXTI4_IRQHandler
                0x0000000008001da4                FSMC_IRQHandler
                0x0000000008001da4                ETH_IRQHandler
                0x0000000008001da4                OTG_HS_EP1_OUT_IRQHandler
                0x0000000008001da4                WWDG_IRQHandler
                0x0000000008001da4                TIM2_IRQHandler
                0x0000000008001da4                OTG_FS_WKUP_IRQHandler
                0x0000000008001da4                TIM1_TRG_COM_TIM11_IRQHandler
                0x0000000008001da4                OTG_HS_IRQHandler
                0x0000000008001da4                EXTI1_IRQHandler
                0x0000000008001da4                USART2_IRQHandler
                0x0000000008001da4                I2C2_ER_IRQHandler
                0x0000000008001da4                CAN1_SCE_IRQHandler
                0x0000000008001da4                FLASH_IRQHandler
                0x0000000008001da4                DMA2_Stream4_IRQHandler
                0x0000000008001da4                USART1_IRQHandler
                0x0000000008001da4                OTG_FS_IRQHandler
                0x0000000008001da4                SPI3_IRQHandler
                0x0000000008001da4                DMA1_Stream4_IRQHandler
                0x0000000008001da4                I2C1_ER_IRQHandler
                0x0000000008001da4                DMA2_Stream6_IRQHandler
                0x0000000008001da4                DMA1_Stream3_IRQHandler
 *fill*         0x0000000008001da6        0x2 
 .text.HAL_Init
                0x0000000008001da8       0x44 ./Drivers/STM32F4xx_HAL_Driver/Src/stm32f4xx_hal.o
                0x0000000008001da8                HAL_Init
 .text.HAL_InitTick
                0x0000000008001dec       0x60 ./Drivers/STM32F4xx_HAL_Driver/Src/stm32f4xx_hal.o
                0x0000000008001dec                HAL_InitTick
 .text.HAL_IncTick
                0x0000000008001e4c       0x28 ./Drivers/STM32F4xx_HAL_Driver/Src/stm32f4xx_hal.o
                0x0000000008001e4c                HAL_IncTick
 .text.HAL_GetTick
                0x0000000008001e74       0x18 ./Drivers/STM32F4xx_HAL_Driver/Src/stm32f4xx_hal.o
                0x0000000008001e74                HAL_GetTick
 .text.HAL_Delay
                0x0000000008001e8c       0x48 ./Drivers/STM32F4xx_HAL_Driver/Src/stm32f4xx_hal.o
                0x0000000008001e8c                HAL_Delay
 .text.__NVIC_SetPriorityGrouping
                0x0000000008001ed4       0x48 ./Drivers/STM32F4xx_HAL_Driver/Src/stm32f4xx_hal_cortex.o
 .text.__NVIC_GetPriorityGrouping
                0x0000000008001f1c       0x1c ./Drivers/STM32F4xx_HAL_Driver/Src/stm32f4xx_hal_cortex.o
 .text.__NVIC_EnableIRQ
                0x0000000008001f38       0x3c ./Drivers/STM32F4xx_HAL_Driver/Src/stm32f4xx_hal_cortex.o
 .text.__NVIC_SetPriority
                0x0000000008001f74       0x54 ./Drivers/STM32F4xx_HAL_Driver/Src/stm32f4xx_hal_cortex.o
 .text.NVIC_EncodePriority
                0x0000000008001fc8       0x66 ./Drivers/STM32F4xx_HAL_Driver/Src/stm32f4xx_hal_cortex.o
 *fill*         0x000000000800202e        0x2 
 .text.SysTick_Config
                0x0000000008002030       0x44 ./Drivers/STM32F4xx_HAL_Driver/Src/stm32f4xx_hal_cortex.o
 .text.HAL_NVIC_SetPriorityGrouping
                0x0000000008002074       0x16 ./Drivers/STM32F4xx_HAL_Driver/Src/stm32f4xx_hal_cortex.o
                0x0000000008002074                HAL_NVIC_SetPriorityGrouping
 .text.HAL_NVIC_SetPriority
                0x000000000800208a       0x38 ./Drivers/STM32F4xx_HAL_Driver/Src/stm32f4xx_hal_cortex.o
                0x000000000800208a                HAL_NVIC_SetPriority
 .text.HAL_NVIC_EnableIRQ
                0x00000000080020c2       0x1c ./Drivers/STM32F4xx_HAL_Driver/Src/stm32f4xx_hal_cortex.o
                0x00000000080020c2                HAL_NVIC_EnableIRQ
 .text.HAL_SYSTICK_Config
                0x00000000080020de       0x18 ./Drivers/STM32F4xx_HAL_Driver/Src/stm32f4xx_hal_cortex.o
                0x00000000080020de                HAL_SYSTICK_Config
 *fill*         0x00000000080020f6        0x2 
 .text.HAL_DCMI_Start_DMA
                0x00000000080020f8      0x140 ./Drivers/STM32F4xx_HAL_Driver/Src/stm32f4xx_hal_dcmi.o
                0x00000000080020f8                HAL_DCMI_Start_DMA
 .text.HAL_DCMI_IRQHandler
                0x0000000008002238       0xfc ./Drivers/STM32F4xx_HAL_Driver/Src/stm32f4xx_hal_dcmi.o
                0x0000000008002238                HAL_DCMI_IRQHandler
 .text.HAL_DCMI_ErrorCallback
                0x0000000008002334       0x14 ./Drivers/STM32F4xx_HAL_Driver/Src/stm32f4xx_hal_dcmi.o
                0x0000000008002334                HAL_DCMI_ErrorCallback
 .text.HAL_DCMI_LineEventCallback
                0x0000000008002348       0x14 ./Drivers/STM32F4xx_HAL_Driver/Src/stm32f4xx_hal_dcmi.o
                0x0000000008002348                HAL_DCMI_LineEventCallback
 .text.HAL_DCMI_VsyncEventCallback
                0x000000000800235c       0x14 ./Drivers/STM32F4xx_HAL_Driver/Src/stm32f4xx_hal_dcmi.o
                0x000000000800235c                HAL_DCMI_VsyncEventCallback
 .text.DCMI_DMAXferCplt
                0x0000000008002370      0x12a ./Drivers/STM32F4xx_HAL_Driver/Src/stm32f4xx_hal_dcmi.o
 .text.DCMI_DMAError
                0x000000000800249a       0x2e ./Drivers/STM32F4xx_HAL_Driver/Src/stm32f4xx_hal_dcmi.o
 .text.HAL_DCMI_Init
                0x00000000080024c8       0xda ./Drivers/STM32F4xx_HAL_Driver/Src/stm32f4xx_hal_dcmi_ex.o
                0x00000000080024c8                HAL_DCMI_Init
 *fill*         0x00000000080025a2        0x2 
 .text.HAL_DMA_Init
                0x00000000080025a4      0x15c ./Drivers/STM32F4xx_HAL_Driver/Src/stm32f4xx_hal_dma.o
                0x00000000080025a4                HAL_DMA_Init
 .text.HAL_DMA_Start_IT
                0x0000000008002700       0xb0 ./Drivers/STM32F4xx_HAL_Driver/Src/stm32f4xx_hal_dma.o
                0x0000000008002700                HAL_DMA_Start_IT
 .text.HAL_DMA_Abort_IT
                0x00000000080027b0       0x44 ./Drivers/STM32F4xx_HAL_Driver/Src/stm32f4xx_hal_dma.o
                0x00000000080027b0                HAL_DMA_Abort_IT
 .text.HAL_DMA_IRQHandler
                0x00000000080027f4      0x314 ./Drivers/STM32F4xx_HAL_Driver/Src/stm32f4xx_hal_dma.o
                0x00000000080027f4                HAL_DMA_IRQHandler
 .text.DMA_SetConfig
                0x0000000008002b08       0x5c ./Drivers/STM32F4xx_HAL_Driver/Src/stm32f4xx_hal_dma.o
 .text.DMA_CalcBaseAndBitshift
                0x0000000008002b64       0x6c ./Drivers/STM32F4xx_HAL_Driver/Src/stm32f4xx_hal_dma.o
 .text.DMA_CheckFifoParam
                0x0000000008002bd0       0xf8 ./Drivers/STM32F4xx_HAL_Driver/Src/stm32f4xx_hal_dma.o
 .text.HAL_DMAEx_MultiBufferStart_IT
                0x0000000008002cc8     0x1290 ./Drivers/STM32F4xx_HAL_Driver/Src/stm32f4xx_hal_dma_ex.o
                0x0000000008002cc8                HAL_DMAEx_MultiBufferStart_IT
 .text.HAL_DMAEx_ChangeMemory
                0x0000000008003f58       0x34 ./Drivers/STM32F4xx_HAL_Driver/Src/stm32f4xx_hal_dma_ex.o
                0x0000000008003f58                HAL_DMAEx_ChangeMemory
 .text.DMA_MultiBufferSetConfig
                0x0000000008003f8c       0x4c ./Drivers/STM32F4xx_HAL_Driver/Src/stm32f4xx_hal_dma_ex.o
 .text.HAL_GPIO_Init
                0x0000000008003fd8      0x338 ./Drivers/STM32F4xx_HAL_Driver/Src/stm32f4xx_hal_gpio.o
                0x0000000008003fd8                HAL_GPIO_Init
 .text.HAL_GPIO_WritePin
                0x0000000008004310       0x32 ./Drivers/STM32F4xx_HAL_Driver/Src/stm32f4xx_hal_gpio.o
                0x0000000008004310                HAL_GPIO_WritePin
 *fill*         0x0000000008004342        0x2 
 .text.HAL_I2C_Init
                0x0000000008004344      0x288 ./Drivers/STM32F4xx_HAL_Driver/Src/stm32f4xx_hal_i2c.o
                0x0000000008004344                HAL_I2C_Init
 .text.HAL_I2C_Master_Transmit
                0x00000000080045cc      0x1fc ./Drivers/STM32F4xx_HAL_Driver/Src/stm32f4xx_hal_i2c.o
                0x00000000080045cc                HAL_I2C_Master_Transmit
 .text.HAL_I2C_Master_Receive
                0x00000000080047c8      0x464 ./Drivers/STM32F4xx_HAL_Driver/Src/stm32f4xx_hal_i2c.o
                0x00000000080047c8                HAL_I2C_Master_Receive
 .text.I2C_MasterRequestWrite
                0x0000000008004c2c      0x104 ./Drivers/STM32F4xx_HAL_Driver/Src/stm32f4xx_hal_i2c.o
 .text.I2C_MasterRequestRead
                0x0000000008004d30      0x19c ./Drivers/STM32F4xx_HAL_Driver/Src/stm32f4xx_hal_i2c.o
 .text.I2C_WaitOnFlagUntilTimeout
                0x0000000008004ecc       0xf4 ./Drivers/STM32F4xx_HAL_Driver/Src/stm32f4xx_hal_i2c.o
 .text.I2C_WaitOnMasterAddressFlagUntilTimeout
                0x0000000008004fc0      0x140 ./Drivers/STM32F4xx_HAL_Driver/Src/stm32f4xx_hal_i2c.o
 .text.I2C_WaitOnTXEFlagUntilTimeout
                0x0000000008005100       0x90 ./Drivers/STM32F4xx_HAL_Driver/Src/stm32f4xx_hal_i2c.o
 .text.I2C_WaitOnBTFFlagUntilTimeout
                0x0000000008005190       0x90 ./Drivers/STM32F4xx_HAL_Driver/Src/stm32f4xx_hal_i2c.o
 .text.I2C_WaitOnRXNEFlagUntilTimeout
                0x0000000008005220       0xba ./Drivers/STM32F4xx_HAL_Driver/Src/stm32f4xx_hal_i2c.o
 .text.I2C_IsAcknowledgeFailed
                0x00000000080052da       0x5e ./Drivers/STM32F4xx_HAL_Driver/Src/stm32f4xx_hal_i2c.o
 .text.HAL_RCC_OscConfig
                0x0000000008005338      0x4f0 ./Drivers/STM32F4xx_HAL_Driver/Src/stm32f4xx_hal_rcc.o
                0x0000000008005338                HAL_RCC_OscConfig
 .text.HAL_RCC_ClockConfig
                0x0000000008005828      0x1cc ./Drivers/STM32F4xx_HAL_Driver/Src/stm32f4xx_hal_rcc.o
                0x0000000008005828                HAL_RCC_ClockConfig
 .text.HAL_RCC_MCOConfig
                0x00000000080059f4       0xd0 ./Drivers/STM32F4xx_HAL_Driver/Src/stm32f4xx_hal_rcc.o
                0x00000000080059f4                HAL_RCC_MCOConfig
 .text.HAL_RCC_GetSysClockFreq
                0x0000000008005ac4      0x20c ./Drivers/STM32F4xx_HAL_Driver/Src/stm32f4xx_hal_rcc.o
                0x0000000008005ac4                HAL_RCC_GetSysClockFreq
 .text.HAL_RCC_GetHCLKFreq
                0x0000000008005cd0       0x18 ./Drivers/STM32F4xx_HAL_Driver/Src/stm32f4xx_hal_rcc.o
                0x0000000008005cd0                HAL_RCC_GetHCLKFreq
 .text.HAL_RCC_GetPCLK1Freq
                0x0000000008005ce8       0x28 ./Drivers/STM32F4xx_HAL_Driver/Src/stm32f4xx_hal_rcc.o
                0x0000000008005ce8                HAL_RCC_GetPCLK1Freq
 .text.HAL_RCC_GetPCLK2Freq
                0x0000000008005d10       0x28 ./Drivers/STM32F4xx_HAL_Driver/Src/stm32f4xx_hal_rcc.o
                0x0000000008005d10                HAL_RCC_GetPCLK2Freq
 .text.HAL_UART_Init
                0x0000000008005d38       0xa0 ./Drivers/STM32F4xx_HAL_Driver/Src/stm32f4xx_hal_uart.o
                0x0000000008005d38                HAL_UART_Init
 .text.HAL_UART_Transmit
                0x0000000008005dd8      0x116 ./Drivers/STM32F4xx_HAL_Driver/Src/stm32f4xx_hal_uart.o
                0x0000000008005dd8                HAL_UART_Transmit
 .text.UART_WaitOnFlagUntilTimeout
                0x0000000008005eee       0xb2 ./Drivers/STM32F4xx_HAL_Driver/Src/stm32f4xx_hal_uart.o
 .text.UART_EndRxTransfer
                0x0000000008005fa0       0xc6 ./Drivers/STM32F4xx_HAL_Driver/Src/stm32f4xx_hal_uart.o
 *fill*         0x0000000008006066        0x2 
 .text.UART_SetConfig
                0x0000000008006068      0x4e8 ./Drivers/STM32F4xx_HAL_Driver/Src/stm32f4xx_hal_uart.o
 .text.startup._GLOBAL__sub_I__ZN9__gnu_cxx9__freeresEv
                0x0000000008006550       0x28 /opt/st/stm32cubeide_1.14.0/plugins/com.st.stm32cube.ide.mcu.externaltools.gnu-tools-for-stm32.11.3.rel1.linux64_1.1.100.202309141235/tools/bin/../lib/gcc/arm-none-eabi/11.3.1/../../../../arm-none-eabi/lib/thumb/v7e-m+fp/hard/libstdc++_nano.a(eh_alloc.o)
 .text.malloc   0x0000000008006578       0x10 /opt/st/stm32cubeide_1.14.0/plugins/com.st.stm32cube.ide.mcu.externaltools.gnu-tools-for-stm32.11.3.rel1.linux64_1.1.100.202309141235/tools/bin/../lib/gcc/arm-none-eabi/11.3.1/../../../../arm-none-eabi/lib/thumb/v7e-m+fp/hard/libc_nano.a(libc_a-malloc.o)
                0x0000000008006578                malloc
 .text.sbrk_aligned
                0x0000000008006588       0x40 /opt/st/stm32cubeide_1.14.0/plugins/com.st.stm32cube.ide.mcu.externaltools.gnu-tools-for-stm32.11.3.rel1.linux64_1.1.100.202309141235/tools/bin/../lib/gcc/arm-none-eabi/11.3.1/../../../../arm-none-eabi/lib/thumb/v7e-m+fp/hard/libc_nano.a(libc_a-mallocr.o)
 .text._malloc_r
                0x00000000080065c8      0x100 /opt/st/stm32cubeide_1.14.0/plugins/com.st.stm32cube.ide.mcu.externaltools.gnu-tools-for-stm32.11.3.rel1.linux64_1.1.100.202309141235/tools/bin/../lib/gcc/arm-none-eabi/11.3.1/../../../../arm-none-eabi/lib/thumb/v7e-m+fp/hard/libc_nano.a(libc_a-mallocr.o)
                0x00000000080065c8                _malloc_r
 .text.__malloc_lock
                0x00000000080066c8        0xc /opt/st/stm32cubeide_1.14.0/plugins/com.st.stm32cube.ide.mcu.externaltools.gnu-tools-for-stm32.11.3.rel1.linux64_1.1.100.202309141235/tools/bin/../lib/gcc/arm-none-eabi/11.3.1/../../../../arm-none-eabi/lib/thumb/v7e-m+fp/hard/libc_nano.a(libc_a-mlock.o)
                0x00000000080066c8                __malloc_lock
 .text.__malloc_unlock
                0x00000000080066d4        0xc /opt/st/stm32cubeide_1.14.0/plugins/com.st.stm32cube.ide.mcu.externaltools.gnu-tools-for-stm32.11.3.rel1.linux64_1.1.100.202309141235/tools/bin/../lib/gcc/arm-none-eabi/11.3.1/../../../../arm-none-eabi/lib/thumb/v7e-m+fp/hard/libc_nano.a(libc_a-mlock.o)
                0x00000000080066d4                __malloc_unlock
 .text.memset   0x00000000080066e0       0x10 /opt/st/stm32cubeide_1.14.0/plugins/com.st.stm32cube.ide.mcu.externaltools.gnu-tools-for-stm32.11.3.rel1.linux64_1.1.100.202309141235/tools/bin/../lib/gcc/arm-none-eabi/11.3.1/../../../../arm-none-eabi/lib/thumb/v7e-m+fp/hard/libc_nano.a(libc_a-memset.o)
                0x00000000080066e0                memset
 .text._sbrk_r  0x00000000080066f0       0x20 /opt/st/stm32cubeide_1.14.0/plugins/com.st.stm32cube.ide.mcu.externaltools.gnu-tools-for-stm32.11.3.rel1.linux64_1.1.100.202309141235/tools/bin/../lib/gcc/arm-none-eabi/11.3.1/../../../../arm-none-eabi/lib/thumb/v7e-m+fp/hard/libc_nano.a(libc_a-sbrkr.o)
                0x00000000080066f0                _sbrk_r
 .text.__errno  0x0000000008006710        0xc /opt/st/stm32cubeide_1.14.0/plugins/com.st.stm32cube.ide.mcu.externaltools.gnu-tools-for-stm32.11.3.rel1.linux64_1.1.100.202309141235/tools/bin/../lib/gcc/arm-none-eabi/11.3.1/../../../../arm-none-eabi/lib/thumb/v7e-m+fp/hard/libc_nano.a(libc_a-errno.o)
                0x0000000008006710                __errno
 .text.__libc_init_array
                0x000000000800671c       0x48 /opt/st/stm32cubeide_1.14.0/plugins/com.st.stm32cube.ide.mcu.externaltools.gnu-tools-for-stm32.11.3.rel1.linux64_1.1.100.202309141235/tools/bin/../lib/gcc/arm-none-eabi/11.3.1/../../../../arm-none-eabi/lib/thumb/v7e-m+fp/hard/libc_nano.a(libc_a-init.o)
                0x000000000800671c                __libc_init_array
 .text.__retarget_lock_acquire_recursive
                0x0000000008006764        0x2 /opt/st/stm32cubeide_1.14.0/plugins/com.st.stm32cube.ide.mcu.externaltools.gnu-tools-for-stm32.11.3.rel1.linux64_1.1.100.202309141235/tools/bin/../lib/gcc/arm-none-eabi/11.3.1/../../../../arm-none-eabi/lib/thumb/v7e-m+fp/hard/libc_nano.a(libc_a-lock.o)
                0x0000000008006764                __retarget_lock_acquire_recursive
 .text.__retarget_lock_release_recursive
                0x0000000008006766        0x2 /opt/st/stm32cubeide_1.14.0/plugins/com.st.stm32cube.ide.mcu.externaltools.gnu-tools-for-stm32.11.3.rel1.linux64_1.1.100.202309141235/tools/bin/../lib/gcc/arm-none-eabi/11.3.1/../../../../arm-none-eabi/lib/thumb/v7e-m+fp/hard/libc_nano.a(libc_a-lock.o)
                0x0000000008006766                __retarget_lock_release_recursive
 *(.glue_7)
 .glue_7        0x0000000008006768        0x0 linker stubs
 *(.glue_7t)
 .glue_7t       0x0000000008006768        0x0 linker stubs
 *(.eh_frame)
 .eh_frame      0x0000000008006768        0x0 /opt/st/stm32cubeide_1.14.0/plugins/com.st.stm32cube.ide.mcu.externaltools.gnu-tools-for-stm32.11.3.rel1.linux64_1.1.100.202309141235/tools/bin/../lib/gcc/arm-none-eabi/11.3.1/thumb/v7e-m+fp/hard/crtbegin.o
 *(.init)
 .init          0x0000000008006768        0x4 /opt/st/stm32cubeide_1.14.0/plugins/com.st.stm32cube.ide.mcu.externaltools.gnu-tools-for-stm32.11.3.rel1.linux64_1.1.100.202309141235/tools/bin/../lib/gcc/arm-none-eabi/11.3.1/thumb/v7e-m+fp/hard/crti.o
                0x0000000008006768                _init
 .init          0x000000000800676c        0x8 /opt/st/stm32cubeide_1.14.0/plugins/com.st.stm32cube.ide.mcu.externaltools.gnu-tools-for-stm32.11.3.rel1.linux64_1.1.100.202309141235/tools/bin/../lib/gcc/arm-none-eabi/11.3.1/thumb/v7e-m+fp/hard/crtn.o
 *(.fini)
 .fini          0x0000000008006774        0x4 /opt/st/stm32cubeide_1.14.0/plugins/com.st.stm32cube.ide.mcu.externaltools.gnu-tools-for-stm32.11.3.rel1.linux64_1.1.100.202309141235/tools/bin/../lib/gcc/arm-none-eabi/11.3.1/thumb/v7e-m+fp/hard/crti.o
                0x0000000008006774                _fini
 .fini          0x0000000008006778        0x8 /opt/st/stm32cubeide_1.14.0/plugins/com.st.stm32cube.ide.mcu.externaltools.gnu-tools-for-stm32.11.3.rel1.linux64_1.1.100.202309141235/tools/bin/../lib/gcc/arm-none-eabi/11.3.1/thumb/v7e-m+fp/hard/crtn.o
                0x0000000008006780                . = ALIGN (0x4)
                0x0000000008006780                _etext = .

.vfp11_veneer   0x0000000008006780        0x0
 .vfp11_veneer  0x0000000008006780        0x0 linker stubs

.v4_bx          0x0000000008006780        0x0
 .v4_bx         0x0000000008006780        0x0 linker stubs

.iplt           0x0000000008006780        0x0
 .iplt          0x0000000008006780        0x0 /opt/st/stm32cubeide_1.14.0/plugins/com.st.stm32cube.ide.mcu.externaltools.gnu-tools-for-stm32.11.3.rel1.linux64_1.1.100.202309141235/tools/bin/../lib/gcc/arm-none-eabi/11.3.1/thumb/v7e-m+fp/hard/crtbegin.o

.rodata         0x0000000008006780       0xcc
                0x0000000008006780                . = ALIGN (0x4)
 *(.rodata)
 .rodata        0x0000000008006780       0x26 ./Core/Src/main.o
 *(.rodata*)
 *fill*         0x00000000080067a6        0x2 
 .rodata.RES_VGA
                0x00000000080067a8       0x10 ./App/OV7670.o
                0x00000000080067a8                RES_VGA
 .rodata.RES_QVGA
                0x00000000080067b8       0x10 ./App/OV7670.o
                0x00000000080067b8                RES_QVGA
 .rodata.RES_QQVGA
                0x00000000080067c8       0x10 ./App/OV7670.o
                0x00000000080067c8                RES_QQVGA
 .rodata.RES_QQQVGA
                0x00000000080067d8       0x10 ./App/OV7670.o
                0x00000000080067d8                RES_QQQVGA
 .rodata.RES_CIF
                0x00000000080067e8       0x10 ./App/OV7670.o
                0x00000000080067e8                RES_CIF
 .rodata.RES_QCIF
                0x00000000080067f8       0x10 ./App/OV7670.o
                0x00000000080067f8                RES_QCIF
 .rodata.RES_QQCIF
                0x0000000008006808       0x10 ./App/OV7670.o
                0x0000000008006808                RES_QQCIF
 .rodata.defaults
                0x0000000008006818       0x14 ./App/OV7670.o
                0x0000000008006818                defaults
 .rodata.AHBPrescTable
                0x000000000800682c       0x10 ./Core/Src/system_stm32f4xx.o
                0x000000000800682c                AHBPrescTable
 .rodata.APBPrescTable
                0x000000000800683c        0x8 ./Core/Src/system_stm32f4xx.o
                0x000000000800683c                APBPrescTable
 .rodata.flagBitshiftOffset.0
                0x0000000008006844        0x8 ./Drivers/STM32F4xx_HAL_Driver/Src/stm32f4xx_hal_dma.o
                0x000000000800684c                . = ALIGN (0x4)

.ARM.extab      0x000000000800684c        0x0
                0x000000000800684c                . = ALIGN (0x4)
 *(.ARM.extab* .gnu.linkonce.armextab.*)
                0x000000000800684c                . = ALIGN (0x4)

.ARM            0x000000000800684c        0x8
                0x000000000800684c                . = ALIGN (0x4)
                0x000000000800684c                __exidx_start = .
 *(.ARM.exidx*)
 .ARM.exidx     0x000000000800684c        0x8 /opt/st/stm32cubeide_1.14.0/plugins/com.st.stm32cube.ide.mcu.externaltools.gnu-tools-for-stm32.11.3.rel1.linux64_1.1.100.202309141235/tools/bin/../lib/gcc/arm-none-eabi/11.3.1/thumb/v7e-m+fp/hard/libgcc.a(_udivmoddi4.o)
                0x0000000008006854                __exidx_end = .
                0x0000000008006854                . = ALIGN (0x4)

.rel.dyn        0x0000000008006854        0x0
 .rel.iplt      0x0000000008006854        0x0 /opt/st/stm32cubeide_1.14.0/plugins/com.st.stm32cube.ide.mcu.externaltools.gnu-tools-for-stm32.11.3.rel1.linux64_1.1.100.202309141235/tools/bin/../lib/gcc/arm-none-eabi/11.3.1/thumb/v7e-m+fp/hard/crtbegin.o

.preinit_array  0x0000000008006854        0x0
                0x0000000008006854                . = ALIGN (0x4)
                0x0000000008006854                PROVIDE (__preinit_array_start = .)
 *(.preinit_array*)
                0x0000000008006854                PROVIDE (__preinit_array_end = .)
                0x0000000008006854                . = ALIGN (0x4)

.init_array     0x0000000008006854        0x8
                0x0000000008006854                . = ALIGN (0x4)
                0x0000000008006854                PROVIDE (__init_array_start = .)
 *(SORT_BY_NAME(.init_array.*))
 *(.init_array*)
 .init_array    0x0000000008006854        0x4 /opt/st/stm32cubeide_1.14.0/plugins/com.st.stm32cube.ide.mcu.externaltools.gnu-tools-for-stm32.11.3.rel1.linux64_1.1.100.202309141235/tools/bin/../lib/gcc/arm-none-eabi/11.3.1/thumb/v7e-m+fp/hard/crtbegin.o
 .init_array    0x0000000008006858        0x4 /opt/st/stm32cubeide_1.14.0/plugins/com.st.stm32cube.ide.mcu.externaltools.gnu-tools-for-stm32.11.3.rel1.linux64_1.1.100.202309141235/tools/bin/../lib/gcc/arm-none-eabi/11.3.1/../../../../arm-none-eabi/lib/thumb/v7e-m+fp/hard/libstdc++_nano.a(eh_alloc.o)
                0x000000000800685c                PROVIDE (__init_array_end = .)
                0x000000000800685c                . = ALIGN (0x4)

.fini_array     0x000000000800685c        0x4
                0x000000000800685c                . = ALIGN (0x4)
                [!provide]                        PROVIDE (__fini_array_start = .)
 *(SORT_BY_NAME(.fini_array.*))
 *(.fini_array*)
 .fini_array    0x000000000800685c        0x4 /opt/st/stm32cubeide_1.14.0/plugins/com.st.stm32cube.ide.mcu.externaltools.gnu-tools-for-stm32.11.3.rel1.linux64_1.1.100.202309141235/tools/bin/../lib/gcc/arm-none-eabi/11.3.1/thumb/v7e-m+fp/hard/crtbegin.o
                [!provide]                        PROVIDE (__fini_array_end = .)
                0x0000000008006860                . = ALIGN (0x4)
                0x0000000008006860                _sidata = LOADADDR (.data)

.data           0x0000000020000000       0x70 load address 0x0000000008006860
                0x0000000020000000                . = ALIGN (0x4)
                0x0000000020000000                _sdata = .
 *(.data)
 *(.data*)
 .data.img_width
                0x0000000020000000        0x2 ./App/OV7670.o
 .data.img_height
                0x0000000020000002        0x2 ./App/OV7670.o
 .data.mtx_yuv  0x0000000020000004        0x6 ./App/OV7670.o
 *fill*         0x000000002000000a        0x2 
 .data.mtx_rgb  0x000000002000000c        0x6 ./App/OV7670.o
 *fill*         0x0000000020000012        0x2 
 .data.SystemCoreClock
                0x0000000020000014        0x4 ./Core/Src/system_stm32f4xx.o
                0x0000000020000014                SystemCoreClock
 .data.uwTickPrio
                0x0000000020000018        0x4 ./Drivers/STM32F4xx_HAL_Driver/Src/stm32f4xx_hal.o
                0x0000000020000018                uwTickPrio
 .data.uwTickFreq
                0x000000002000001c        0x1 ./Drivers/STM32F4xx_HAL_Driver/Src/stm32f4xx_hal.o
                0x000000002000001c                uwTickFreq
 *fill*         0x000000002000001d        0x3 
 .data._impure_data
                0x0000000020000020       0x4c /opt/st/stm32cubeide_1.14.0/plugins/com.st.stm32cube.ide.mcu.externaltools.gnu-tools-for-stm32.11.3.rel1.linux64_1.1.100.202309141235/tools/bin/../lib/gcc/arm-none-eabi/11.3.1/../../../../arm-none-eabi/lib/thumb/v7e-m+fp/hard/libc_nano.a(libc_a-impure.o)
                0x0000000020000020                _impure_data
 .data._impure_ptr
                0x000000002000006c        0x4 /opt/st/stm32cubeide_1.14.0/plugins/com.st.stm32cube.ide.mcu.externaltools.gnu-tools-for-stm32.11.3.rel1.linux64_1.1.100.202309141235/tools/bin/../lib/gcc/arm-none-eabi/11.3.1/../../../../arm-none-eabi/lib/thumb/v7e-m+fp/hard/libc_nano.a(libc_a-impure.o)
                0x000000002000006c                _impure_ptr
 *(.RamFunc)
 *(.RamFunc*)
                0x0000000020000070                . = ALIGN (0x4)
                0x0000000020000070                _edata = .
                0x00000000080068d0                _siccmram = LOADADDR (.ccmram)

.igot.plt       0x0000000020000070        0x0 load address 0x00000000080068d0
 .igot.plt      0x0000000020000070        0x0 /opt/st/stm32cubeide_1.14.0/plugins/com.st.stm32cube.ide.mcu.externaltools.gnu-tools-for-stm32.11.3.rel1.linux64_1.1.100.202309141235/tools/bin/../lib/gcc/arm-none-eabi/11.3.1/thumb/v7e-m+fp/hard/crtbegin.o

.ccmram         0x0000000010000000        0x0 load address 0x00000000080068d0
                0x0000000010000000                . = ALIGN (0x4)
                0x0000000010000000                _sccmram = .
 *(.ccmram)
 *(.ccmram*)
                0x0000000010000000                . = ALIGN (0x4)
                0x0000000010000000                _eccmram = .
                0x0000000010000000                . = ALIGN (0x4)

.bss            0x0000000020000070      0x2d0
                0x0000000020000070                _sbss = .
                0x0000000020000070                __bss_start__ = _sbss
 *(.bss)
 .bss           0x0000000020000070       0x1c /opt/st/stm32cubeide_1.14.0/plugins/com.st.stm32cube.ide.mcu.externaltools.gnu-tools-for-stm32.11.3.rel1.linux64_1.1.100.202309141235/tools/bin/../lib/gcc/arm-none-eabi/11.3.1/thumb/v7e-m+fp/hard/crtbegin.o
 *(.bss*)
 .bss.sp_hdcmi  0x000000002000008c        0x4 ./App/OV7670.o
 .bss.sp_hdma_dcmi
                0x0000000020000090        0x4 ./App/OV7670.o
 .bss.sp_hi2c   0x0000000020000094        0x4 ./App/OV7670.o
 .bss.capture_mode
                0x0000000020000098        0x1 ./App/OV7670.o
 *fill*         0x0000000020000099        0x3 
 .bss.img_address
                0x000000002000009c        0x4 ./App/OV7670.o
 .bss.img_format
                0x00000000200000a0        0x1 ./App/OV7670.o
 *fill*         0x00000000200000a1        0x3 
 .bss.hdcmi     0x00000000200000a4       0x40 ./Core/Src/main.o
                0x00000000200000a4                hdcmi
 .bss.hdma_dcmi
                0x00000000200000e4       0x60 ./Core/Src/main.o
                0x00000000200000e4                hdma_dcmi
 .bss.hi2c1     0x0000000020000144       0x54 ./Core/Src/main.o
                0x0000000020000144                hi2c1
 .bss.huart2    0x0000000020000198       0x48 ./Core/Src/main.o
                0x0000000020000198                huart2
 .bss.__sbrk_heap_end
                0x00000000200001e0        0x4 ./Core/Src/sysmem.o
 .bss.uwTick    0x00000000200001e4        0x4 ./Drivers/STM32F4xx_HAL_Driver/Src/stm32f4xx_hal.o
                0x00000000200001e4                uwTick
 .bss._ZN12_GLOBAL__N_114emergency_poolE
                0x00000000200001e8       0x10 /opt/st/stm32cubeide_1.14.0/plugins/com.st.stm32cube.ide.mcu.externaltools.gnu-tools-for-stm32.11.3.rel1.linux64_1.1.100.202309141235/tools/bin/../lib/gcc/arm-none-eabi/11.3.1/../../../../arm-none-eabi/lib/thumb/v7e-m+fp/hard/libstdc++_nano.a(eh_alloc.o)
 .bss.__malloc_free_list
                0x00000000200001f8        0x4 /opt/st/stm32cubeide_1.14.0/plugins/com.st.stm32cube.ide.mcu.externaltools.gnu-tools-for-stm32.11.3.rel1.linux64_1.1.100.202309141235/tools/bin/../lib/gcc/arm-none-eabi/11.3.1/../../../../arm-none-eabi/lib/thumb/v7e-m+fp/hard/libc_nano.a(libc_a-mallocr.o)
                0x00000000200001f8                __malloc_free_list
 .bss.__malloc_sbrk_start
                0x00000000200001fc        0x4 /opt/st/stm32cubeide_1.14.0/plugins/com.st.stm32cube.ide.mcu.externaltools.gnu-tools-for-stm32.11.3.rel1.linux64_1.1.100.202309141235/tools/bin/../lib/gcc/arm-none-eabi/11.3.1/../../../../arm-none-eabi/lib/thumb/v7e-m+fp/hard/libc_nano.a(libc_a-mallocr.o)
                0x00000000200001fc                __malloc_sbrk_start
 .bss.__sf      0x0000000020000200      0x138 /opt/st/stm32cubeide_1.14.0/plugins/com.st.stm32cube.ide.mcu.externaltools.gnu-tools-for-stm32.11.3.rel1.linux64_1.1.100.202309141235/tools/bin/../lib/gcc/arm-none-eabi/11.3.1/../../../../arm-none-eabi/lib/thumb/v7e-m+fp/hard/libc_nano.a(libc_a-findfp.o)
                0x0000000020000200                __sf
 .bss.errno     0x0000000020000338        0x4 /opt/st/stm32cubeide_1.14.0/plugins/com.st.stm32cube.ide.mcu.externaltools.gnu-tools-for-stm32.11.3.rel1.linux64_1.1.100.202309141235/tools/bin/../lib/gcc/arm-none-eabi/11.3.1/../../../../arm-none-eabi/lib/thumb/v7e-m+fp/hard/libc_nano.a(libc_a-reent.o)
                0x0000000020000338                errno
 .bss.__lock___malloc_recursive_mutex
                0x000000002000033c        0x1 /opt/st/stm32cubeide_1.14.0/plugins/com.st.stm32cube.ide.mcu.externaltools.gnu-tools-for-stm32.11.3.rel1.linux64_1.1.100.202309141235/tools/bin/../lib/gcc/arm-none-eabi/11.3.1/../../../../arm-none-eabi/lib/thumb/v7e-m+fp/hard/libc_nano.a(libc_a-lock.o)
                0x000000002000033c                __lock___malloc_recursive_mutex
 *(COMMON)
                0x0000000020000340                . = ALIGN (0x4)
 *fill*         0x000000002000033d        0x3 
                0x0000000020000340                _ebss = .
                0x0000000020000340                __bss_end__ = _ebss

._user_heap_stack
                0x0000000020000340      0x600
                0x0000000020000340                . = ALIGN (0x8)
                [!provide]                        PROVIDE (end = .)
                0x0000000020000340                PROVIDE (_end = .)
                0x0000000020000540                . = (. + _Min_Heap_Size)
 *fill*         0x0000000020000340      0x200 
                0x0000000020000940                . = (. + _Min_Stack_Size)
 *fill*         0x0000000020000540      0x400 
                0x0000000020000940                . = ALIGN (0x8)

/DISCARD/
 libc.a(*)
 libm.a(*)
 libgcc.a(*)

.ARM.attributes
                0x0000000000000000       0x30
 *(.ARM.attributes)
 .ARM.attributes
                0x0000000000000000       0x1e /opt/st/stm32cubeide_1.14.0/plugins/com.st.stm32cube.ide.mcu.externaltools.gnu-tools-for-stm32.11.3.rel1.linux64_1.1.100.202309141235/tools/bin/../lib/gcc/arm-none-eabi/11.3.1/thumb/v7e-m+fp/hard/crti.o
 .ARM.attributes
                0x000000000000001e       0x34 /opt/st/stm32cubeide_1.14.0/plugins/com.st.stm32cube.ide.mcu.externaltools.gnu-tools-for-stm32.11.3.rel1.linux64_1.1.100.202309141235/tools/bin/../lib/gcc/arm-none-eabi/11.3.1/thumb/v7e-m+fp/hard/crtbegin.o
 .ARM.attributes
                0x0000000000000052       0x34 ./App/OV7670.o
 .ARM.attributes
                0x0000000000000086       0x34 ./Core/Src/main.o
 .ARM.attributes
                0x00000000000000ba       0x34 ./Core/Src/stm32f4xx_hal_msp.o
 .ARM.attributes
                0x00000000000000ee       0x34 ./Core/Src/stm32f4xx_it.o
 .ARM.attributes
                0x0000000000000122       0x34 ./Core/Src/sysmem.o
 .ARM.attributes
                0x0000000000000156       0x34 ./Core/Src/system_stm32f4xx.o
 .ARM.attributes
                0x000000000000018a       0x21 ./Core/Startup/startup_stm32f407vetx.o
 .ARM.attributes
                0x00000000000001ab       0x34 ./Drivers/STM32F4xx_HAL_Driver/Src/stm32f4xx_hal.o
 .ARM.attributes
                0x00000000000001df       0x34 ./Drivers/STM32F4xx_HAL_Driver/Src/stm32f4xx_hal_cortex.o
 .ARM.attributes
                0x0000000000000213       0x34 ./Drivers/STM32F4xx_HAL_Driver/Src/stm32f4xx_hal_dcmi.o
 .ARM.attributes
                0x0000000000000247       0x34 ./Drivers/STM32F4xx_HAL_Driver/Src/stm32f4xx_hal_dcmi_ex.o
 .ARM.attributes
                0x000000000000027b       0x34 ./Drivers/STM32F4xx_HAL_Driver/Src/stm32f4xx_hal_dma.o
 .ARM.attributes
                0x00000000000002af       0x34 ./Drivers/STM32F4xx_HAL_Driver/Src/stm32f4xx_hal_dma_ex.o
 .ARM.attributes
                0x00000000000002e3       0x34 ./Drivers/STM32F4xx_HAL_Driver/Src/stm32f4xx_hal_gpio.o
 .ARM.attributes
                0x0000000000000317       0x34 ./Drivers/STM32F4xx_HAL_Driver/Src/stm32f4xx_hal_i2c.o
 .ARM.attributes
                0x000000000000034b       0x34 ./Drivers/STM32F4xx_HAL_Driver/Src/stm32f4xx_hal_rcc.o
 .ARM.attributes
                0x000000000000037f       0x34 ./Drivers/STM32F4xx_HAL_Driver/Src/stm32f4xx_hal_uart.o
 .ARM.attributes
                0x00000000000003b3       0x34 /opt/st/stm32cubeide_1.14.0/plugins/com.st.stm32cube.ide.mcu.externaltools.gnu-tools-for-stm32.11.3.rel1.linux64_1.1.100.202309141235/tools/bin/../lib/gcc/arm-none-eabi/11.3.1/../../../../arm-none-eabi/lib/thumb/v7e-m+fp/hard/libstdc++_nano.a(eh_alloc.o)
 .ARM.attributes
                0x00000000000003e7       0x34 /opt/st/stm32cubeide_1.14.0/plugins/com.st.stm32cube.ide.mcu.externaltools.gnu-tools-for-stm32.11.3.rel1.linux64_1.1.100.202309141235/tools/bin/../lib/gcc/arm-none-eabi/11.3.1/../../../../arm-none-eabi/lib/thumb/v7e-m+fp/hard/libc_nano.a(libc_a-malloc.o)
 .ARM.attributes
                0x000000000000041b       0x34 /opt/st/stm32cubeide_1.14.0/plugins/com.st.stm32cube.ide.mcu.externaltools.gnu-tools-for-stm32.11.3.rel1.linux64_1.1.100.202309141235/tools/bin/../lib/gcc/arm-none-eabi/11.3.1/../../../../arm-none-eabi/lib/thumb/v7e-m+fp/hard/libc_nano.a(libc_a-mallocr.o)
 .ARM.attributes
                0x000000000000044f       0x34 /opt/st/stm32cubeide_1.14.0/plugins/com.st.stm32cube.ide.mcu.externaltools.gnu-tools-for-stm32.11.3.rel1.linux64_1.1.100.202309141235/tools/bin/../lib/gcc/arm-none-eabi/11.3.1/../../../../arm-none-eabi/lib/thumb/v7e-m+fp/hard/libc_nano.a(libc_a-mlock.o)
 .ARM.attributes
                0x0000000000000483       0x34 /opt/st/stm32cubeide_1.14.0/plugins/com.st.stm32cube.ide.mcu.externaltools.gnu-tools-for-stm32.11.3.rel1.linux64_1.1.100.202309141235/tools/bin/../lib/gcc/arm-none-eabi/11.3.1/../../../../arm-none-eabi/lib/thumb/v7e-m+fp/hard/libc_nano.a(libc_a-findfp.o)
 .ARM.attributes
                0x00000000000004b7       0x34 /opt/st/stm32cubeide_1.14.0/plugins/com.st.stm32cube.ide.mcu.externaltools.gnu-tools-for-stm32.11.3.rel1.linux64_1.1.100.202309141235/tools/bin/../lib/gcc/arm-none-eabi/11.3.1/../../../../arm-none-eabi/lib/thumb/v7e-m+fp/hard/libc_nano.a(libc_a-memset.o)
 .ARM.attributes
                0x00000000000004eb       0x34 /opt/st/stm32cubeide_1.14.0/plugins/com.st.stm32cube.ide.mcu.externaltools.gnu-tools-for-stm32.11.3.rel1.linux64_1.1.100.202309141235/tools/bin/../lib/gcc/arm-none-eabi/11.3.1/../../../../arm-none-eabi/lib/thumb/v7e-m+fp/hard/libc_nano.a(libc_a-reent.o)
 .ARM.attributes
                0x000000000000051f       0x34 /opt/st/stm32cubeide_1.14.0/plugins/com.st.stm32cube.ide.mcu.externaltools.gnu-tools-for-stm32.11.3.rel1.linux64_1.1.100.202309141235/tools/bin/../lib/gcc/arm-none-eabi/11.3.1/../../../../arm-none-eabi/lib/thumb/v7e-m+fp/hard/libc_nano.a(libc_a-impure.o)
 .ARM.attributes
                0x0000000000000553       0x34 /opt/st/stm32cubeide_1.14.0/plugins/com.st.stm32cube.ide.mcu.externaltools.gnu-tools-for-stm32.11.3.rel1.linux64_1.1.100.202309141235/tools/bin/../lib/gcc/arm-none-eabi/11.3.1/../../../../arm-none-eabi/lib/thumb/v7e-m+fp/hard/libc_nano.a(libc_a-sbrkr.o)
 .ARM.attributes
                0x0000000000000587       0x34 /opt/st/stm32cubeide_1.14.0/plugins/com.st.stm32cube.ide.mcu.externaltools.gnu-tools-for-stm32.11.3.rel1.linux64_1.1.100.202309141235/tools/bin/../lib/gcc/arm-none-eabi/11.3.1/../../../../arm-none-eabi/lib/thumb/v7e-m+fp/hard/libc_nano.a(libc_a-errno.o)
 .ARM.attributes
                0x00000000000005bb       0x34 /opt/st/stm32cubeide_1.14.0/plugins/com.st.stm32cube.ide.mcu.externaltools.gnu-tools-for-stm32.11.3.rel1.linux64_1.1.100.202309141235/tools/bin/../lib/gcc/arm-none-eabi/11.3.1/../../../../arm-none-eabi/lib/thumb/v7e-m+fp/hard/libc_nano.a(libc_a-init.o)
 .ARM.attributes
                0x00000000000005ef       0x34 /opt/st/stm32cubeide_1.14.0/plugins/com.st.stm32cube.ide.mcu.externaltools.gnu-tools-for-stm32.11.3.rel1.linux64_1.1.100.202309141235/tools/bin/../lib/gcc/arm-none-eabi/11.3.1/../../../../arm-none-eabi/lib/thumb/v7e-m+fp/hard/libc_nano.a(libc_a-lock.o)
 .ARM.attributes
                0x0000000000000623       0x1e /opt/st/stm32cubeide_1.14.0/plugins/com.st.stm32cube.ide.mcu.externaltools.gnu-tools-for-stm32.11.3.rel1.linux64_1.1.100.202309141235/tools/bin/../lib/gcc/arm-none-eabi/11.3.1/thumb/v7e-m+fp/hard/libgcc.a(_aeabi_uldivmod.o)
 .ARM.attributes
                0x0000000000000641       0x34 /opt/st/stm32cubeide_1.14.0/plugins/com.st.stm32cube.ide.mcu.externaltools.gnu-tools-for-stm32.11.3.rel1.linux64_1.1.100.202309141235/tools/bin/../lib/gcc/arm-none-eabi/11.3.1/thumb/v7e-m+fp/hard/libgcc.a(_udivmoddi4.o)
 .ARM.attributes
                0x0000000000000675       0x1e /opt/st/stm32cubeide_1.14.0/plugins/com.st.stm32cube.ide.mcu.externaltools.gnu-tools-for-stm32.11.3.rel1.linux64_1.1.100.202309141235/tools/bin/../lib/gcc/arm-none-eabi/11.3.1/thumb/v7e-m+fp/hard/libgcc.a(_dvmd_tls.o)
 .ARM.attributes
                0x0000000000000693       0x1e /opt/st/stm32cubeide_1.14.0/plugins/com.st.stm32cube.ide.mcu.externaltools.gnu-tools-for-stm32.11.3.rel1.linux64_1.1.100.202309141235/tools/bin/../lib/gcc/arm-none-eabi/11.3.1/thumb/v7e-m+fp/hard/crtn.o
OUTPUT(remote-camera.elf elf32-littlearm)
LOAD linker stubs
LOAD /opt/st/stm32cubeide_1.14.0/plugins/com.st.stm32cube.ide.mcu.externaltools.gnu-tools-for-stm32.11.3.rel1.linux64_1.1.100.202309141235/tools/bin/../lib/gcc/arm-none-eabi/11.3.1/../../../../arm-none-eabi/lib/thumb/v7e-m+fp/hard/libc.a
LOAD /opt/st/stm32cubeide_1.14.0/plugins/com.st.stm32cube.ide.mcu.externaltools.gnu-tools-for-stm32.11.3.rel1.linux64_1.1.100.202309141235/tools/bin/../lib/gcc/arm-none-eabi/11.3.1/../../../../arm-none-eabi/lib/thumb/v7e-m+fp/hard/libm.a
LOAD /opt/st/stm32cubeide_1.14.0/plugins/com.st.stm32cube.ide.mcu.externaltools.gnu-tools-for-stm32.11.3.rel1.linux64_1.1.100.202309141235/tools/bin/../lib/gcc/arm-none-eabi/11.3.1/thumb/v7e-m+fp/hard/libgcc.a

.comment        0x0000000000000000       0x43
 .comment       0x0000000000000000       0x43 /opt/st/stm32cubeide_1.14.0/plugins/com.st.stm32cube.ide.mcu.externaltools.gnu-tools-for-stm32.11.3.rel1.linux64_1.1.100.202309141235/tools/bin/../lib/gcc/arm-none-eabi/11.3.1/thumb/v7e-m+fp/hard/crtbegin.o
                                         0x44 (size before relaxing)
 .comment       0x0000000000000043       0x44 ./App/OV7670.o
 .comment       0x0000000000000043       0x44 ./Core/Src/main.o
 .comment       0x0000000000000043       0x44 ./Core/Src/stm32f4xx_hal_msp.o
 .comment       0x0000000000000043       0x44 ./Core/Src/stm32f4xx_it.o
 .comment       0x0000000000000043       0x44 ./Core/Src/sysmem.o
 .comment       0x0000000000000043       0x44 ./Core/Src/system_stm32f4xx.o
 .comment       0x0000000000000043       0x44 ./Drivers/STM32F4xx_HAL_Driver/Src/stm32f4xx_hal.o
 .comment       0x0000000000000043       0x44 ./Drivers/STM32F4xx_HAL_Driver/Src/stm32f4xx_hal_cortex.o
 .comment       0x0000000000000043       0x44 ./Drivers/STM32F4xx_HAL_Driver/Src/stm32f4xx_hal_dcmi.o
 .comment       0x0000000000000043       0x44 ./Drivers/STM32F4xx_HAL_Driver/Src/stm32f4xx_hal_dcmi_ex.o
 .comment       0x0000000000000043       0x44 ./Drivers/STM32F4xx_HAL_Driver/Src/stm32f4xx_hal_dma.o
 .comment       0x0000000000000043       0x44 ./Drivers/STM32F4xx_HAL_Driver/Src/stm32f4xx_hal_dma_ex.o
 .comment       0x0000000000000043       0x44 ./Drivers/STM32F4xx_HAL_Driver/Src/stm32f4xx_hal_gpio.o
 .comment       0x0000000000000043       0x44 ./Drivers/STM32F4xx_HAL_Driver/Src/stm32f4xx_hal_i2c.o
 .comment       0x0000000000000043       0x44 ./Drivers/STM32F4xx_HAL_Driver/Src/stm32f4xx_hal_rcc.o
 .comment       0x0000000000000043       0x44 ./Drivers/STM32F4xx_HAL_Driver/Src/stm32f4xx_hal_uart.o

.debug_info     0x0000000000000000     0xe611
 .debug_info    0x0000000000000000     0x16ed ./App/OV7670.o
 .debug_info    0x00000000000016ed     0x1886 ./Core/Src/main.o
 .debug_info    0x0000000000002f73     0x1204 ./Core/Src/stm32f4xx_hal_msp.o
 .debug_info    0x0000000000004177      0x641 ./Core/Src/stm32f4xx_it.o
 .debug_info    0x00000000000047b8      0x168 ./Core/Src/sysmem.o
 .debug_info    0x0000000000004920      0x512 ./Core/Src/system_stm32f4xx.o
 .debug_info    0x0000000000004e32       0x23 ./Core/Startup/startup_stm32f407vetx.o
 .debug_info    0x0000000000004e55      0x944 ./Drivers/STM32F4xx_HAL_Driver/Src/stm32f4xx_hal.o
 .debug_info    0x0000000000005799      0xd57 ./Drivers/STM32F4xx_HAL_Driver/Src/stm32f4xx_hal_cortex.o
 .debug_info    0x00000000000064f0      0xacb ./Drivers/STM32F4xx_HAL_Driver/Src/stm32f4xx_hal_dcmi.o
 .debug_info    0x0000000000006fbb      0x5b8 ./Drivers/STM32F4xx_HAL_Driver/Src/stm32f4xx_hal_dcmi_ex.o
 .debug_info    0x0000000000007573      0x8e7 ./Drivers/STM32F4xx_HAL_Driver/Src/stm32f4xx_hal_dma.o
 .debug_info    0x0000000000007e5a      0x4df ./Drivers/STM32F4xx_HAL_Driver/Src/stm32f4xx_hal_dma_ex.o
 .debug_info    0x0000000000008339      0x6c3 ./Drivers/STM32F4xx_HAL_Driver/Src/stm32f4xx_hal_gpio.o
 .debug_info    0x00000000000089fc     0x2415 ./Drivers/STM32F4xx_HAL_Driver/Src/stm32f4xx_hal_i2c.o
 .debug_info    0x000000000000ae11      0x8b1 ./Drivers/STM32F4xx_HAL_Driver/Src/stm32f4xx_hal_rcc.o
 .debug_info    0x000000000000b6c2     0x2f4f ./Drivers/STM32F4xx_HAL_Driver/Src/stm32f4xx_hal_uart.o

.debug_abbrev   0x0000000000000000     0x2269
 .debug_abbrev  0x0000000000000000      0x2f1 ./App/OV7670.o
 .debug_abbrev  0x00000000000002f1      0x2c7 ./Core/Src/main.o
 .debug_abbrev  0x00000000000005b8      0x24c ./Core/Src/stm32f4xx_hal_msp.o
 .debug_abbrev  0x0000000000000804      0x170 ./Core/Src/stm32f4xx_it.o
 .debug_abbrev  0x0000000000000974       0xbc ./Core/Src/sysmem.o
 .debug_abbrev  0x0000000000000a30      0x11a ./Core/Src/system_stm32f4xx.o
 .debug_abbrev  0x0000000000000b4a       0x12 ./Core/Startup/startup_stm32f407vetx.o
 .debug_abbrev  0x0000000000000b5c      0x214 ./Drivers/STM32F4xx_HAL_Driver/Src/stm32f4xx_hal.o
 .debug_abbrev  0x0000000000000d70      0x328 ./Drivers/STM32F4xx_HAL_Driver/Src/stm32f4xx_hal_cortex.o
 .debug_abbrev  0x0000000000001098      0x247 ./Drivers/STM32F4xx_HAL_Driver/Src/stm32f4xx_hal_dcmi.o
 .debug_abbrev  0x00000000000012df      0x13e ./Drivers/STM32F4xx_HAL_Driver/Src/stm32f4xx_hal_dcmi_ex.o
 .debug_abbrev  0x000000000000141d      0x264 ./Drivers/STM32F4xx_HAL_Driver/Src/stm32f4xx_hal_dma.o
 .debug_abbrev  0x0000000000001681      0x1a3 ./Drivers/STM32F4xx_HAL_Driver/Src/stm32f4xx_hal_dma_ex.o
 .debug_abbrev  0x0000000000001824      0x1d4 ./Drivers/STM32F4xx_HAL_Driver/Src/stm32f4xx_hal_gpio.o
 .debug_abbrev  0x00000000000019f8      0x2ad ./Drivers/STM32F4xx_HAL_Driver/Src/stm32f4xx_hal_i2c.o
 .debug_abbrev  0x0000000000001ca5      0x2b6 ./Drivers/STM32F4xx_HAL_Driver/Src/stm32f4xx_hal_rcc.o
 .debug_abbrev  0x0000000000001f5b      0x30e ./Drivers/STM32F4xx_HAL_Driver/Src/stm32f4xx_hal_uart.o

.debug_aranges  0x0000000000000000      0xc38
 .debug_aranges
                0x0000000000000000      0x168 ./App/OV7670.o
 .debug_aranges
                0x0000000000000168       0x58 ./Core/Src/main.o
 .debug_aranges
                0x00000000000001c0       0x50 ./Core/Src/stm32f4xx_hal_msp.o
 .debug_aranges
                0x0000000000000210       0x70 ./Core/Src/stm32f4xx_it.o
 .debug_aranges
                0x0000000000000280       0x20 ./Core/Src/sysmem.o
 .debug_aranges
                0x00000000000002a0       0x28 ./Core/Src/system_stm32f4xx.o
 .debug_aranges
                0x00000000000002c8       0x28 ./Core/Startup/startup_stm32f407vetx.o
 .debug_aranges
                0x00000000000002f0       0xf0 ./Drivers/STM32F4xx_HAL_Driver/Src/stm32f4xx_hal.o
 .debug_aranges
                0x00000000000003e0      0x120 ./Drivers/STM32F4xx_HAL_Driver/Src/stm32f4xx_hal_cortex.o
 .debug_aranges
                0x0000000000000500       0xc0 ./Drivers/STM32F4xx_HAL_Driver/Src/stm32f4xx_hal_dcmi.o
 .debug_aranges
                0x00000000000005c0       0x20 ./Drivers/STM32F4xx_HAL_Driver/Src/stm32f4xx_hal_dcmi_ex.o
 .debug_aranges
                0x00000000000005e0       0x90 ./Drivers/STM32F4xx_HAL_Driver/Src/stm32f4xx_hal_dma.o
 .debug_aranges
                0x0000000000000670       0x38 ./Drivers/STM32F4xx_HAL_Driver/Src/stm32f4xx_hal_dma_ex.o
 .debug_aranges
                0x00000000000006a8       0x58 ./Drivers/STM32F4xx_HAL_Driver/Src/stm32f4xx_hal_gpio.o
 .debug_aranges
                0x0000000000000700      0x2a8 ./Drivers/STM32F4xx_HAL_Driver/Src/stm32f4xx_hal_i2c.o
 .debug_aranges
                0x00000000000009a8       0x88 ./Drivers/STM32F4xx_HAL_Driver/Src/stm32f4xx_hal_rcc.o
 .debug_aranges
                0x0000000000000a30      0x208 ./Drivers/STM32F4xx_HAL_Driver/Src/stm32f4xx_hal_uart.o

.debug_rnglists
                0x0000000000000000      0x97d
 .debug_rnglists
                0x0000000000000000      0x112 ./App/OV7670.o
 .debug_rnglists
                0x0000000000000112       0x40 ./Core/Src/main.o
 .debug_rnglists
                0x0000000000000152       0x3a ./Core/Src/stm32f4xx_hal_msp.o
 .debug_rnglists
                0x000000000000018c       0x4f ./Core/Src/stm32f4xx_it.o
 .debug_rnglists
                0x00000000000001db       0x13 ./Core/Src/sysmem.o
 .debug_rnglists
                0x00000000000001ee       0x1a ./Core/Src/system_stm32f4xx.o
 .debug_rnglists
                0x0000000000000208       0x19 ./Core/Startup/startup_stm32f407vetx.o
 .debug_rnglists
                0x0000000000000221       0xaf ./Drivers/STM32F4xx_HAL_Driver/Src/stm32f4xx_hal.o
 .debug_rnglists
                0x00000000000002d0       0xd4 ./Drivers/STM32F4xx_HAL_Driver/Src/stm32f4xx_hal_cortex.o
 .debug_rnglists
                0x00000000000003a4       0x91 ./Drivers/STM32F4xx_HAL_Driver/Src/stm32f4xx_hal_dcmi.o
 .debug_rnglists
                0x0000000000000435       0x14 ./Drivers/STM32F4xx_HAL_Driver/Src/stm32f4xx_hal_dcmi_ex.o
 .debug_rnglists
                0x0000000000000449       0x70 ./Drivers/STM32F4xx_HAL_Driver/Src/stm32f4xx_hal_dma.o
 .debug_rnglists
                0x00000000000004b9       0x27 ./Drivers/STM32F4xx_HAL_Driver/Src/stm32f4xx_hal_dma_ex.o
 .debug_rnglists
                0x00000000000004e0       0x3f ./Drivers/STM32F4xx_HAL_Driver/Src/stm32f4xx_hal_gpio.o
 .debug_rnglists
                0x000000000000051f      0x23c ./Drivers/STM32F4xx_HAL_Driver/Src/stm32f4xx_hal_i2c.o
 .debug_rnglists
                0x000000000000075b       0x66 ./Drivers/STM32F4xx_HAL_Driver/Src/stm32f4xx_hal_rcc.o
 .debug_rnglists
                0x00000000000007c1      0x1bc ./Drivers/STM32F4xx_HAL_Driver/Src/stm32f4xx_hal_uart.o

.debug_macro    0x0000000000000000    0x21689
 .debug_macro   0x0000000000000000      0x2ec ./App/OV7670.o
 .debug_macro   0x00000000000002ec      0xaa8 ./App/OV7670.o
 .debug_macro   0x0000000000000d94      0x2a1 ./App/OV7670.o
 .debug_macro   0x0000000000001035       0x2e ./App/OV7670.o
 .debug_macro   0x0000000000001063       0x2f ./App/OV7670.o
 .debug_macro   0x0000000000001092       0x22 ./App/OV7670.o
 .debug_macro   0x00000000000010b4       0x8e ./App/OV7670.o
 .debug_macro   0x0000000000001142       0x51 ./App/OV7670.o
 .debug_macro   0x0000000000001193      0x103 ./App/OV7670.o
 .debug_macro   0x0000000000001296       0x6a ./App/OV7670.o
 .debug_macro   0x0000000000001300      0x1df ./App/OV7670.o
 .debug_macro   0x00000000000014df       0x1c ./App/OV7670.o
 .debug_macro   0x00000000000014fb       0x22 ./App/OV7670.o
 .debug_macro   0x000000000000151d       0xfb ./App/OV7670.o
 .debug_macro   0x0000000000001618     0x1011 ./App/OV7670.o
 .debug_macro   0x0000000000002629      0x11f ./App/OV7670.o
 .debug_macro   0x0000000000002748    0x15e97 ./App/OV7670.o
 .debug_macro   0x00000000000185df       0x6d ./App/OV7670.o
 .debug_macro   0x000000000001864c     0x368c ./App/OV7670.o
 .debug_macro   0x000000000001bcd8      0x174 ./App/OV7670.o
 .debug_macro   0x000000000001be4c       0x5c ./App/OV7670.o
 .debug_macro   0x000000000001bea8      0x980 ./App/OV7670.o
 .debug_macro   0x000000000001c828      0x9e9 ./App/OV7670.o
 .debug_macro   0x000000000001d211      0x115 ./App/OV7670.o
 .debug_macro   0x000000000001d326      0x13e ./App/OV7670.o
 .debug_macro   0x000000000001d464       0xa5 ./App/OV7670.o
 .debug_macro   0x000000000001d509      0x174 ./App/OV7670.o
 .debug_macro   0x000000000001d67d      0x287 ./App/OV7670.o
 .debug_macro   0x000000000001d904       0x5f ./App/OV7670.o
 .debug_macro   0x000000000001d963      0x236 ./App/OV7670.o
 .debug_macro   0x000000000001db99       0x1f ./App/OV7670.o
 .debug_macro   0x000000000001dbb8      0x1d2 ./App/OV7670.o
 .debug_macro   0x000000000001dd8a      0x12c ./App/OV7670.o
 .debug_macro   0x000000000001deb6      0x21e ./App/OV7670.o
 .debug_macro   0x000000000001e0d4       0x2e ./App/OV7670.o
 .debug_macro   0x000000000001e102      0x1b5 ./App/OV7670.o
 .debug_macro   0x000000000001e2b7       0xd6 ./App/OV7670.o
 .debug_macro   0x000000000001e38d      0x127 ./App/OV7670.o
 .debug_macro   0x000000000001e4b4       0x7e ./App/OV7670.o
 .debug_macro   0x000000000001e532       0x89 ./App/OV7670.o
 .debug_macro   0x000000000001e5bb      0x2aa ./App/OV7670.o
 .debug_macro   0x000000000001e865      0x12d ./App/OV7670.o
 .debug_macro   0x000000000001e992       0x34 ./App/OV7670.o
 .debug_macro   0x000000000001e9c6       0x76 ./App/OV7670.o
 .debug_macro   0x000000000001ea3c      0x20e ./App/OV7670.o
 .debug_macro   0x000000000001ec4a       0x61 ./App/OV7670.o
 .debug_macro   0x000000000001ecab       0x2a ./App/OV7670.o
 .debug_macro   0x000000000001ecd5       0x43 ./App/OV7670.o
 .debug_macro   0x000000000001ed18       0x34 ./App/OV7670.o
 .debug_macro   0x000000000001ed4c       0x16 ./App/OV7670.o
 .debug_macro   0x000000000001ed62       0x35 ./App/OV7670.o
 .debug_macro   0x000000000001ed97      0x369 ./App/OV7670.o
 .debug_macro   0x000000000001f100       0x10 ./App/OV7670.o
 .debug_macro   0x000000000001f110       0x16 ./App/OV7670.o
 .debug_macro   0x000000000001f126       0x43 ./App/OV7670.o
 .debug_macro   0x000000000001f169       0x34 ./App/OV7670.o
 .debug_macro   0x000000000001f19d       0x10 ./App/OV7670.o
 .debug_macro   0x000000000001f1ad       0x58 ./App/OV7670.o
 .debug_macro   0x000000000001f205       0x8e ./App/OV7670.o
 .debug_macro   0x000000000001f293       0x1c ./App/OV7670.o
 .debug_macro   0x000000000001f2af      0x177 ./App/OV7670.o
 .debug_macro   0x000000000001f426       0x16 ./App/OV7670.o
 .debug_macro   0x000000000001f43c       0x16 ./App/OV7670.o
 .debug_macro   0x000000000001f452      0x147 ./App/OV7670.o
 .debug_macro   0x000000000001f599      0x2dc ./Core/Src/main.o
 .debug_macro   0x000000000001f875       0x7c ./Core/Src/main.o
 .debug_macro   0x000000000001f8f1       0x46 ./Core/Src/main.o
 .debug_macro   0x000000000001f937      0x1fc ./Core/Src/stm32f4xx_hal_msp.o
 .debug_macro   0x000000000001fb33      0x206 ./Core/Src/stm32f4xx_it.o
 .debug_macro   0x000000000001fd39       0xff ./Core/Src/sysmem.o
 .debug_macro   0x000000000001fe38      0x23c ./Core/Src/sysmem.o
 .debug_macro   0x0000000000020074      0x1ed ./Core/Src/system_stm32f4xx.o
 .debug_macro   0x0000000000020261      0x24d ./Drivers/STM32F4xx_HAL_Driver/Src/stm32f4xx_hal.o
 .debug_macro   0x00000000000204ae      0x1ed ./Drivers/STM32F4xx_HAL_Driver/Src/stm32f4xx_hal_cortex.o
 .debug_macro   0x000000000002069b      0x1f4 ./Drivers/STM32F4xx_HAL_Driver/Src/stm32f4xx_hal_dcmi.o
 .debug_macro   0x000000000002088f      0x1ed ./Drivers/STM32F4xx_HAL_Driver/Src/stm32f4xx_hal_dcmi_ex.o
 .debug_macro   0x0000000000020a7c      0x1f3 ./Drivers/STM32F4xx_HAL_Driver/Src/stm32f4xx_hal_dma.o
 .debug_macro   0x0000000000020c6f      0x1ed ./Drivers/STM32F4xx_HAL_Driver/Src/stm32f4xx_hal_dma_ex.o
 .debug_macro   0x0000000000020e5c      0x1f3 ./Drivers/STM32F4xx_HAL_Driver/Src/stm32f4xx_hal_gpio.o
 .debug_macro   0x000000000002104f      0x23b ./Drivers/STM32F4xx_HAL_Driver/Src/stm32f4xx_hal_i2c.o
 .debug_macro   0x000000000002128a      0x211 ./Drivers/STM32F4xx_HAL_Driver/Src/stm32f4xx_hal_rcc.o
 .debug_macro   0x000000000002149b      0x1ee ./Drivers/STM32F4xx_HAL_Driver/Src/stm32f4xx_hal_uart.o

.debug_line     0x0000000000000000     0xfde8
 .debug_line    0x0000000000000000      0xf53 ./App/OV7670.o
 .debug_line    0x0000000000000f53      0x9f1 ./Core/Src/main.o
 .debug_line    0x0000000000001944      0x813 ./Core/Src/stm32f4xx_hal_msp.o
 .debug_line    0x0000000000002157      0x7b9 ./Core/Src/stm32f4xx_it.o
 .debug_line    0x0000000000002910      0x4b8 ./Core/Src/sysmem.o
 .debug_line    0x0000000000002dc8      0x748 ./Core/Src/system_stm32f4xx.o
 .debug_line    0x0000000000003510       0x7a ./Core/Startup/startup_stm32f407vetx.o
 .debug_line    0x000000000000358a      0x9ae ./Drivers/STM32F4xx_HAL_Driver/Src/stm32f4xx_hal.o
 .debug_line    0x0000000000003f38      0xc7a ./Drivers/STM32F4xx_HAL_Driver/Src/stm32f4xx_hal_cortex.o
 .debug_line    0x0000000000004bb2      0xdb6 ./Drivers/STM32F4xx_HAL_Driver/Src/stm32f4xx_hal_dcmi.o
 .debug_line    0x0000000000005968      0x769 ./Drivers/STM32F4xx_HAL_Driver/Src/stm32f4xx_hal_dcmi_ex.o
 .debug_line    0x00000000000060d1      0xf12 ./Drivers/STM32F4xx_HAL_Driver/Src/stm32f4xx_hal_dma.o
 .debug_line    0x0000000000006fe3     0x1341 ./Drivers/STM32F4xx_HAL_Driver/Src/stm32f4xx_hal_dma_ex.o
 .debug_line    0x0000000000008324      0xb22 ./Drivers/STM32F4xx_HAL_Driver/Src/stm32f4xx_hal_gpio.o
 .debug_line    0x0000000000008e46     0x3a10 ./Drivers/STM32F4xx_HAL_Driver/Src/stm32f4xx_hal_i2c.o
 .debug_line    0x000000000000c856      0xd27 ./Drivers/STM32F4xx_HAL_Driver/Src/stm32f4xx_hal_rcc.o
 .debug_line    0x000000000000d57d     0x286b ./Drivers/STM32F4xx_HAL_Driver/Src/stm32f4xx_hal_uart.o

.debug_str      0x0000000000000000    0xc76b4
 .debug_str     0x0000000000000000    0xc4002 ./App/OV7670.o
                                      0xc43a9 (size before relaxing)
 .debug_str     0x00000000000c4002      0xbe4 ./Core/Src/main.o
                                      0xc3f6f (size before relaxing)
 .debug_str     0x00000000000c4be6       0xdc ./Core/Src/stm32f4xx_hal_msp.o
                                      0xc0702 (size before relaxing)
 .debug_str     0x00000000000c4cc2      0x108 ./Core/Src/stm32f4xx_it.o
                                      0xbfbf4 (size before relaxing)
 .debug_str     0x00000000000c4dca      0x4dc ./Core/Src/sysmem.o
                                       0x605f (size before relaxing)
 .debug_str     0x00000000000c52a6       0xdb ./Core/Src/system_stm32f4xx.o
                                      0xbf77b (size before relaxing)
 .debug_str     0x00000000000c5381       0x34 ./Core/Startup/startup_stm32f407vetx.o
                                         0x71 (size before relaxing)
 .debug_str     0x00000000000c53b5      0x60d ./Drivers/STM32F4xx_HAL_Driver/Src/stm32f4xx_hal.o
                                      0xc02ff (size before relaxing)
 .debug_str     0x00000000000c59c2      0x333 ./Drivers/STM32F4xx_HAL_Driver/Src/stm32f4xx_hal_cortex.o
                                      0xc0049 (size before relaxing)
 .debug_str     0x00000000000c5cf5      0x240 ./Drivers/STM32F4xx_HAL_Driver/Src/stm32f4xx_hal_dcmi.o
                                      0xbfd50 (size before relaxing)
 .debug_str     0x00000000000c5f35       0x3c ./Drivers/STM32F4xx_HAL_Driver/Src/stm32f4xx_hal_dcmi_ex.o
                                      0xbfa71 (size before relaxing)
 .debug_str     0x00000000000c5f71      0x2b9 ./Drivers/STM32F4xx_HAL_Driver/Src/stm32f4xx_hal_dma.o
                                      0xbfb95 (size before relaxing)
 .debug_str     0x00000000000c622a       0x98 ./Drivers/STM32F4xx_HAL_Driver/Src/stm32f4xx_hal_dma_ex.o
                                      0xbf94f (size before relaxing)
 .debug_str     0x00000000000c62c2      0x11c ./Drivers/STM32F4xx_HAL_Driver/Src/stm32f4xx_hal_gpio.o
                                      0xbf8f6 (size before relaxing)
 .debug_str     0x00000000000c63de      0xad9 ./Drivers/STM32F4xx_HAL_Driver/Src/stm32f4xx_hal_i2c.o
                                      0xc0799 (size before relaxing)
 .debug_str     0x00000000000c6eb7      0x201 ./Drivers/STM32F4xx_HAL_Driver/Src/stm32f4xx_hal_rcc.o
                                      0xbfbaf (size before relaxing)
 .debug_str     0x00000000000c70b8      0x5fc ./Drivers/STM32F4xx_HAL_Driver/Src/stm32f4xx_hal_uart.o
                                      0xc0190 (size before relaxing)

.debug_frame    0x0000000000000000     0x3630
 .debug_frame   0x0000000000000000      0x5f4 ./App/OV7670.o
 .debug_frame   0x00000000000005f4      0x110 ./Core/Src/main.o
 .debug_frame   0x0000000000000704      0x110 ./Core/Src/stm32f4xx_hal_msp.o
 .debug_frame   0x0000000000000814      0x13c ./Core/Src/stm32f4xx_it.o
 .debug_frame   0x0000000000000950       0x34 ./Core/Src/sysmem.o
 .debug_frame   0x0000000000000984       0x58 ./Core/Src/system_stm32f4xx.o
 .debug_frame   0x00000000000009dc      0x374 ./Drivers/STM32F4xx_HAL_Driver/Src/stm32f4xx_hal.o
 .debug_frame   0x0000000000000d50      0x4b8 ./Drivers/STM32F4xx_HAL_Driver/Src/stm32f4xx_hal_cortex.o
 .debug_frame   0x0000000000001208      0x340 ./Drivers/STM32F4xx_HAL_Driver/Src/stm32f4xx_hal_dcmi.o
 .debug_frame   0x0000000000001548       0x34 ./Drivers/STM32F4xx_HAL_Driver/Src/stm32f4xx_hal_dcmi_ex.o
 .debug_frame   0x000000000000157c      0x250 ./Drivers/STM32F4xx_HAL_Driver/Src/stm32f4xx_hal_dma.o
 .debug_frame   0x00000000000017cc       0xac ./Drivers/STM32F4xx_HAL_Driver/Src/stm32f4xx_hal_dma_ex.o
 .debug_frame   0x0000000000001878      0x14c ./Drivers/STM32F4xx_HAL_Driver/Src/stm32f4xx_hal_gpio.o
 .debug_frame   0x00000000000019c4      0xc84 ./Drivers/STM32F4xx_HAL_Driver/Src/stm32f4xx_hal_i2c.o
 .debug_frame   0x0000000000002648      0x1f4 ./Drivers/STM32F4xx_HAL_Driver/Src/stm32f4xx_hal_rcc.o
 .debug_frame   0x000000000000283c      0x954 ./Drivers/STM32F4xx_HAL_Driver/Src/stm32f4xx_hal_uart.o
 .debug_frame   0x0000000000003190       0xcc /opt/st/stm32cubeide_1.14.0/plugins/com.st.stm32cube.ide.mcu.externaltools.gnu-tools-for-stm32.11.3.rel1.linux64_1.1.100.202309141235/tools/bin/../lib/gcc/arm-none-eabi/11.3.1/../../../../arm-none-eabi/lib/thumb/v7e-m+fp/hard/libstdc++_nano.a(eh_alloc.o)
 .debug_frame   0x000000000000325c       0x30 /opt/st/stm32cubeide_1.14.0/plugins/com.st.stm32cube.ide.mcu.externaltools.gnu-tools-for-stm32.11.3.rel1.linux64_1.1.100.202309141235/tools/bin/../lib/gcc/arm-none-eabi/11.3.1/../../../../arm-none-eabi/lib/thumb/v7e-m+fp/hard/libc_nano.a(libc_a-malloc.o)
 .debug_frame   0x000000000000328c       0x50 /opt/st/stm32cubeide_1.14.0/plugins/com.st.stm32cube.ide.mcu.externaltools.gnu-tools-for-stm32.11.3.rel1.linux64_1.1.100.202309141235/tools/bin/../lib/gcc/arm-none-eabi/11.3.1/../../../../arm-none-eabi/lib/thumb/v7e-m+fp/hard/libc_nano.a(libc_a-mallocr.o)
 .debug_frame   0x00000000000032dc       0x30 /opt/st/stm32cubeide_1.14.0/plugins/com.st.stm32cube.ide.mcu.externaltools.gnu-tools-for-stm32.11.3.rel1.linux64_1.1.100.202309141235/tools/bin/../lib/gcc/arm-none-eabi/11.3.1/../../../../arm-none-eabi/lib/thumb/v7e-m+fp/hard/libc_nano.a(libc_a-mlock.o)
 .debug_frame   0x000000000000330c      0x144 /opt/st/stm32cubeide_1.14.0/plugins/com.st.stm32cube.ide.mcu.externaltools.gnu-tools-for-stm32.11.3.rel1.linux64_1.1.100.202309141235/tools/bin/../lib/gcc/arm-none-eabi/11.3.1/../../../../arm-none-eabi/lib/thumb/v7e-m+fp/hard/libc_nano.a(libc_a-findfp.o)
 .debug_frame   0x0000000000003450       0x20 /opt/st/stm32cubeide_1.14.0/plugins/com.st.stm32cube.ide.mcu.externaltools.gnu-tools-for-stm32.11.3.rel1.linux64_1.1.100.202309141235/tools/bin/../lib/gcc/arm-none-eabi/11.3.1/../../../../arm-none-eabi/lib/thumb/v7e-m+fp/hard/libc_nano.a(libc_a-memset.o)
 .debug_frame   0x0000000000003470       0x38 /opt/st/stm32cubeide_1.14.0/plugins/com.st.stm32cube.ide.mcu.externaltools.gnu-tools-for-stm32.11.3.rel1.linux64_1.1.100.202309141235/tools/bin/../lib/gcc/arm-none-eabi/11.3.1/../../../../arm-none-eabi/lib/thumb/v7e-m+fp/hard/libc_nano.a(libc_a-reent.o)
 .debug_frame   0x00000000000034a8       0x2c /opt/st/stm32cubeide_1.14.0/plugins/com.st.stm32cube.ide.mcu.externaltools.gnu-tools-for-stm32.11.3.rel1.linux64_1.1.100.202309141235/tools/bin/../lib/gcc/arm-none-eabi/11.3.1/../../../../arm-none-eabi/lib/thumb/v7e-m+fp/hard/libc_nano.a(libc_a-sbrkr.o)
 .debug_frame   0x00000000000034d4       0x20 /opt/st/stm32cubeide_1.14.0/plugins/com.st.stm32cube.ide.mcu.externaltools.gnu-tools-for-stm32.11.3.rel1.linux64_1.1.100.202309141235/tools/bin/../lib/gcc/arm-none-eabi/11.3.1/../../../../arm-none-eabi/lib/thumb/v7e-m+fp/hard/libc_nano.a(libc_a-errno.o)
 .debug_frame   0x00000000000034f4       0x2c /opt/st/stm32cubeide_1.14.0/plugins/com.st.stm32cube.ide.mcu.externaltools.gnu-tools-for-stm32.11.3.rel1.linux64_1.1.100.202309141235/tools/bin/../lib/gcc/arm-none-eabi/11.3.1/../../../../arm-none-eabi/lib/thumb/v7e-m+fp/hard/libc_nano.a(libc_a-init.o)
 .debug_frame   0x0000000000003520       0xb0 /opt/st/stm32cubeide_1.14.0/plugins/com.st.stm32cube.ide.mcu.externaltools.gnu-tools-for-stm32.11.3.rel1.linux64_1.1.100.202309141235/tools/bin/../lib/gcc/arm-none-eabi/11.3.1/../../../../arm-none-eabi/lib/thumb/v7e-m+fp/hard/libc_nano.a(libc_a-lock.o)
 .debug_frame   0x00000000000035d0       0x2c /opt/st/stm32cubeide_1.14.0/plugins/com.st.stm32cube.ide.mcu.externaltools.gnu-tools-for-stm32.11.3.rel1.linux64_1.1.100.202309141235/tools/bin/../lib/gcc/arm-none-eabi/11.3.1/thumb/v7e-m+fp/hard/libgcc.a(_aeabi_uldivmod.o)
 .debug_frame   0x00000000000035fc       0x34 /opt/st/stm32cubeide_1.14.0/plugins/com.st.stm32cube.ide.mcu.externaltools.gnu-tools-for-stm32.11.3.rel1.linux64_1.1.100.202309141235/tools/bin/../lib/gcc/arm-none-eabi/11.3.1/thumb/v7e-m+fp/hard/libgcc.a(_udivmoddi4.o)

.debug_line_str
                0x0000000000000000       0x65
 .debug_line_str
                0x0000000000000000       0x65 ./Core/Startup/startup_stm32f407vetx.o
                                         0x7d (size before relaxing)
