../App/OV7670.c:28:6:checkHalStatus	24	static
../App/OV7670.c:37:6:OV7670_Init	24	static
../App/OV7670.c:45:6:OV7670_Power	16	static
../App/OV7670.c:54:6:OV7670_ResetHW	8	static
../App/OV7670.c:62:6:OV7670_XCLK	16	static
../App/OV7670.c:70:6:OV7670_WriteSCCB	32	static
../App/OV7670.c:77:6:OV7670_ReadSCCB	32	static
../App/OV7670.c:86:6:OV7670_Start	24	static
../App/OV7670.c:103:6:OV7670_Stop	8	static
../App/OV7670.c:108:6:OV7670_ResetSW	8	static
../App/OV7670.c:116:6:OV7670_Config	24	static
../App/OV7670.c:125:6:OV7670_SetBrightness	16	static
../App/OV7670.c:135:6:OV7670_SetContrast	16	static
../App/OV7670.c:140:6:OV7670_SetSaturation	24	static
../App/OV7670.c:158:6:OV7670_SetResolution	16	static
../App/OV7670.c:208:6:OV7670_SetColorFormat	24	static
../App/OV7670.c:234:6:OV7670_AutoExposureMode	24	static
../App/OV7670.c:246:6:OV7670_SetAECAlgorithm	24	static
../App/OV7670.c:259:6:OV7670_SetExposureTime	16	static
../App/OV7670.c:266:6:OV7670_SetGainCeiling	24	static
../App/OV7670.c:275:6:OV7670_AutoGainMode	24	static
../App/OV7670.c:287:6:OV7670_SetGain	24	static
../App/OV7670.c:332:6:OV7670_AutoWhiteBalanceMode	24	static
../App/OV7670.c:344:6:OV7670_SetChannelsGain	16	static
../App/OV7670.c:351:6:OV7670_ShowColorBar	24	static
../App/OV7670.c:363:6:OV7670_FlipHorizontal	24	static
../App/OV7670.c:375:6:OV7670_FlipVertical	24	static
../App/OV7670.c:387:6:OV7670_NightMode	24	static
../App/OV7670.c:402:6:OV7670_AutoSharpness	24	static
../App/OV7670.c:414:6:OV7670_SetSharpness	24	static
../App/OV7670.c:423:6:OV7670_AutoDeNoise	24	static
../App/OV7670.c:435:6:OV7670_SetDeNoiseStrength	16	static
../App/OV7670.c:440:6:OV7670_BandingFilter	24	static
../App/OV7670.c:471:6:OV7670_SpecialEffect	24	static
../App/OV7670.c:519:6:OV7670_SetFrameRate	16	static
../App/OV7670.c:527:6:OV7670_PowerDown	8	static
../App/OV7670.c:533:6:OV7670_PowerUp	8	static
../App/OV7670.c:541:6:OV7670_UpdateSettings	8	static
../App/OV7670.c:579:6:OV7670_SetFrameControl	24	static
../App/OV7670.c:590:6:calculateExposureTimeMS	32	static
../App/OV7670.c:598:6:OV7670_getImageInfo	24	static
../App/OV7670.c:605:6:HAL_DCMI_FrameEventCallback	32	static
